Archive member included because of file (symbol)

ym/mbed-drivers/source/mbed-drivers.a(retarget.cpp.o)
                              /usr/local/Cellar/arm-none-eabi-gcc/4.9-2015-q2-update/bin/../lib/gcc/arm-none-eabi/4.9.3/../../../../arm-none-eabi/lib/armv7e-m/crt0.o (__wrap_main)
ym/mbed-drivers/source/mbed-drivers.a(FilePath.cpp.o)
                              ym/mbed-drivers/source/mbed-drivers.a(retarget.cpp.o) (mbed::FilePath::FilePath(char const*))
ym/mbed-drivers/source/mbed-drivers.a(FileBase.cpp.o)
                              ym/mbed-drivers/source/mbed-drivers.a(FilePath.cpp.o) (mbed::FileBase::lookup(char const*, unsigned int))
ym/mbed-drivers/source/mbed-drivers.a(exit.c.o)
                              /usr/local/Cellar/arm-none-eabi-gcc/4.9-2015-q2-update/bin/../lib/gcc/arm-none-eabi/4.9.3/../../../../arm-none-eabi/lib/armv7e-m/crt0.o (exit)
ym/mbed-drivers/source/mbed-drivers.a(board.c.o)
                              ym/mbed-drivers/source/mbed-drivers.a(exit.c.o) (mbed_die)
ym/mbed-drivers/source/mbed-drivers.a(wait_api.c.o)
                              test/CMakeFiles/ds1820-mbedos-test-sense.dir/Users/andrewbrannan/converge/code/DS1820-mbedOS/test/sense.cpp.o (wait)
ym/mbed-drivers/source/mbed-drivers.a(error.c.o)
                              ym/mbed-drivers/source/mbed-drivers.a(retarget.cpp.o) (error)
ym/mbed-drivers/source/mbed-drivers.a(FileSystemLike.cpp.o)
                              ym/mbed-drivers/source/mbed-drivers.a(retarget.cpp.o) (mbed::FileSystemLike::opendir())
ym/mbed-drivers/source/mbed-drivers.a(gpio.c.o)
                              ym/mbed-drivers/source/mbed-drivers.a(board.c.o) (gpio_init_out)
source/ds1820-mbedos.a(DS1820.cpp.o)
                              test/CMakeFiles/ds1820-mbedos-test-sense.dir/Users/andrewbrannan/converge/code/DS1820-mbedOS/test/sense.cpp.o (DS1820::unassignedProbe(PinName))
source/ds1820-mbedos.a(LinkedList.cpp.o)
                              source/ds1820-mbedos.a(DS1820.cpp.o) (LinkedList<node>::LinkedList())
ym/minar/source/minar.a(minar.cpp.o)
                              ym/mbed-drivers/source/mbed-drivers.a(retarget.cpp.o) (minar::Scheduler::postCallback(mbed::util::FunctionPointerBind<void> const&))
ym/core-util/source/core-util.a(ExtendablePoolAllocator.cpp.o)
                              ym/minar/source/minar.a(minar.cpp.o) (mbed::util::ExtendablePoolAllocator::ExtendablePoolAllocator())
ym/core-util/source/core-util.a(PoolAllocator.cpp.o)
                              ym/core-util/source/core-util.a(ExtendablePoolAllocator.cpp.o) (mbed::util::PoolAllocator::alloc())
ym/core-util/source/core-util.a(core-util_mbed_os.c.o)
                              ym/minar/source/minar.a(minar.cpp.o) (core_util_runtime_error_internal)
ym/mbed-hal-ksdk-mcu/source/mbed-hal-ksdk-mcu.a(serial_api.c.o)
                              ym/mbed-drivers/source/mbed-drivers.a(retarget.cpp.o) (serial_init)
ym/mbed-hal-ksdk-mcu/source/mbed-hal-ksdk-mcu.a(fsl_clock_manager.c.o)
                              ym/mbed-hal-ksdk-mcu/source/mbed-hal-ksdk-mcu.a(serial_api.c.o) (g_simBaseAddr)
ym/mbed-hal-ksdk-mcu/source/mbed-hal-ksdk-mcu.a(gpio_api.c.o)
                              ym/mbed-drivers/source/mbed-drivers.a(gpio.c.o) (gpio_init)
ym/mbed-hal-ksdk-mcu/source/mbed-hal-ksdk-mcu.a(us_ticker.c.o)
                              ym/mbed-drivers/source/mbed-drivers.a(wait_api.c.o) (us_ticker_read)
ym/mbed-hal-ksdk-mcu/source/mbed-hal-ksdk-mcu.a(fsl_uart_hal.c.o)
                              ym/mbed-hal-ksdk-mcu/source/mbed-hal-ksdk-mcu.a(serial_api.c.o) (UART_HAL_Init)
ym/mbed-hal-ksdk-mcu/source/mbed-hal-ksdk-mcu.a(fsl_sim_hal.c.o)
                              ym/mbed-hal-ksdk-mcu/source/mbed-hal-ksdk-mcu.a(fsl_clock_manager.c.o) (CLOCK_HAL_SetSource)
ym/mbed-hal-ksdk-mcu/source/mbed-hal-ksdk-mcu.a(fsl_gpio_hal.c.o)
                              ym/mbed-hal-ksdk-mcu/source/mbed-hal-ksdk-mcu.a(gpio_api.c.o) (GPIO_HAL_SetPinDir)
ym/mbed-hal-ksdk-mcu/source/mbed-hal-ksdk-mcu.a(pinmap.c.o)
                              ym/mbed-hal-ksdk-mcu/source/mbed-hal-ksdk-mcu.a(gpio_api.c.o) (pin_function)
ym/mbed-hal-ksdk-mcu/source/mbed-hal-ksdk-mcu.a(fsl_mcg_hal.c.o)
                              ym/mbed-hal-ksdk-mcu/source/mbed-hal-ksdk-mcu.a(fsl_clock_manager.c.o) (CLOCK_HAL_GetFllRefClk)
ym/minar-platform-mbed/source/minar-platform-mbed.a(mbed_platform.cpp.o)
                              ym/minar/source/minar.a(minar.cpp.o) (minar::platform::init())
ym/mbed-hal-k64f/source/mbed-hal-k64f.a(startup_MK64F12.S.obj)
                              (Reset_Handler)
ym/mbed-hal-k64f/source/mbed-hal-k64f.a(fsl_clock_K64F12.c.o)
                              ym/mbed-hal-ksdk-mcu/source/mbed-hal-ksdk-mcu.a(serial_api.c.o) (CLOCK_SYS_GetUartFreq)
ym/mbed-hal-k64f/source/mbed-hal-k64f.a(fsl_sim_hal_K64F12.c.o)
                              ym/mbed-hal-ksdk-mcu/source/mbed-hal-ksdk-mcu.a(gpio_api.c.o) (SIM_HAL_EnablePortClock)
[...]
Memory Configuration

Name             Origin             Length             Attributes
VECTORS          0x0000000000000000 0x0000000000000400 xr
FLASH_PROTECTION 0x0000000000000400 0x0000000000000010 xr
FLASH            0x0000000000000410 0x00000000000ffbf0 xr
RAM              0x000000001fff0200 0x000000000003fe00 xrw
*default*        0x0000000000000000 0xffffffffffffffff

Linker script and memory map

LOAD /usr/local/Cellar/arm-none-eabi-gcc/4.9-2015-q2-update/bin/../lib/gcc/arm-none-eabi/4.9.3/armv7e-m/crti.o
LOAD /usr/local/Cellar/arm-none-eabi-gcc/4.9-2015-q2-update/bin/../lib/gcc/arm-none-eabi/4.9.3/armv7e-m/crtbegin.o
LOAD /usr/local/Cellar/arm-none-eabi-gcc/4.9-2015-q2-update/bin/../lib/gcc/arm-none-eabi/4.9.3/../../../../arm-none-eabi/lib/armv7e-m/crt0.o
START GROUP
LOAD test/CMakeFiles/ds1820-mbedos-test-sense.dir/Users/andrewbrannan/converge/code/DS1820-mbedOS/test/sense.cpp.o
LOAD ym/mbed-drivers/source/mbed-drivers.a
LOAD source/ds1820-mbedos.a
LOAD ym/mbed-drivers/source/mbed-drivers.a
LOAD ym/mbed-hal/source/mbed-hal.a
LOAD ym/minar/source/minar.a
LOAD ym/core-util/source/core-util.a
LOAD ym/mbed-hal-freescale/yotta_dummy_lib_mbed_hal_freescale/mbed-hal-freescale.a
LOAD ym/minar-platform/yotta_dummy_lib_minar_platform/minar-platform.a
LOAD ym/mbed-hal-ksdk-mcu/source/mbed-hal-ksdk-mcu.a
LOAD ym/minar-platform-mbed/source/minar-platform-mbed.a
LOAD ym/mbed-hal-k64f/source/mbed-hal-k64f.a
LOAD ym/mbed-hal-frdm-k64f/source/mbed-hal-frdm-k64f.a
LOAD ym/mbed-drivers/source/mbed-drivers.a
LOAD ym/mbed-hal/source/mbed-hal.a
LOAD ym/minar/source/minar.a
LOAD ym/core-util/source/core-util.a
LOAD ym/mbed-hal-freescale/yotta_dummy_lib_mbed_hal_freescale/mbed-hal-freescale.a
LOAD ym/minar-platform/yotta_dummy_lib_minar_platform/minar-platform.a
LOAD ym/mbed-hal-ksdk-mcu/source/mbed-hal-ksdk-mcu.a
LOAD ym/minar-platform-mbed/source/minar-platform-mbed.a
LOAD ym/mbed-hal-k64f/source/mbed-hal-k64f.a
LOAD ym/mbed-hal-frdm-k64f/source/mbed-hal-frdm-k64f.a
LOAD ym/compiler-polyfill/yotta_dummy_lib_compiler_polyfill/compiler-polyfill.a
LOAD ym/ualloc/source/ualloc.a
LOAD ym/dlmalloc/source/dlmalloc.a
LOAD ym/cmsis-core/source/cmsis-core.a
LOAD ym/cmsis-core-freescale/yotta_dummy_lib_cmsis_core_freescale/cmsis-core-freescale.a
LOAD ym/cmsis-core-k64f/source/cmsis-core-k64f.a
LOAD ym/cmsis-core/source/cmsis-core.a
LOAD ym/cmsis-core-freescale/yotta_dummy_lib_cmsis_core_freescale/cmsis-core-freescale.a
LOAD ym/cmsis-core-k64f/source/cmsis-core-k64f.a
LOAD ym/uvisor-lib/source/uvisor-lib.a
LOAD /usr/local/Cellar/arm-none-eabi-gcc/4.9-2015-q2-update/bin/../lib/gcc/arm-none-eabi/4.9.3/../../../../arm-none-eabi/lib/armv7e-m/libstdc++_nano.a
LOAD /usr/local/Cellar/arm-none-eabi-gcc/4.9-2015-q2-update/bin/../lib/gcc/arm-none-eabi/4.9.3/../../../../arm-none-eabi/lib/armv7e-m/libsupc++_nano.a
LOAD /usr/local/Cellar/arm-none-eabi-gcc/4.9-2015-q2-update/bin/../lib/gcc/arm-none-eabi/4.9.3/armv7e-m/libgcc.a
LOAD /usr/local/Cellar/arm-none-eabi-gcc/4.9-2015-q2-update/bin/../lib/gcc/arm-none-eabi/4.9.3/../../../../arm-none-eabi/lib/armv7e-m/libstdc++_nano.a
LOAD /usr/local/Cellar/arm-none-eabi-gcc/4.9-2015-q2-update/bin/../lib/gcc/arm-none-eabi/4.9.3/../../../../arm-none-eabi/lib/armv7e-m/libsupc++_nano.a
LOAD /usr/local/Cellar/arm-none-eabi-gcc/4.9-2015-q2-update/bin/../lib/gcc/arm-none-eabi/4.9.3/../../../../arm-none-eabi/lib/armv7e-m/libm.a
LOAD /usr/local/Cellar/arm-none-eabi-gcc/4.9-2015-q2-update/bin/../lib/gcc/arm-none-eabi/4.9.3/../../../../arm-none-eabi/lib/armv7e-m/libc_nano.a
LOAD /usr/local/Cellar/arm-none-eabi-gcc/4.9-2015-q2-update/bin/../lib/gcc/arm-none-eabi/4.9.3/armv7e-m/libgcc.a
END GROUP
LOAD /usr/local/Cellar/arm-none-eabi-gcc/4.9-2015-q2-update/bin/../lib/gcc/arm-none-eabi/4.9.3/../../../../arm-none-eabi/lib/armv7e-m/libstdc++_nano.a
LOAD /usr/local/Cellar/arm-none-eabi-gcc/4.9-2015-q2-update/bin/../lib/gcc/arm-none-eabi/4.9.3/../../../../arm-none-eabi/lib/armv7e-m/libm.a
LOAD /usr/local/Cellar/arm-none-eabi-gcc/4.9-2015-q2-update/bin/../lib/gcc/arm-none-eabi/4.9.3/../../../../arm-none-eabi/lib/armv7e-m/libc_nano.a
START GROUP
LOAD /usr/local/Cellar/arm-none-eabi-gcc/4.9-2015-q2-update/bin/../lib/gcc/arm-none-eabi/4.9.3/armv7e-m/libgcc.a
LOAD /usr/local/Cellar/arm-none-eabi-gcc/4.9-2015-q2-update/bin/../lib/gcc/arm-none-eabi/4.9.3/../../../../arm-none-eabi/lib/armv7e-m/libc_nano.a
END GROUP
START GROUP
LOAD /usr/local/Cellar/arm-none-eabi-gcc/4.9-2015-q2-update/bin/../lib/gcc/arm-none-eabi/4.9.3/armv7e-m/libgcc.a
LOAD /usr/local/Cellar/arm-none-eabi-gcc/4.9-2015-q2-update/bin/../lib/gcc/arm-none-eabi/4.9.3/../../../../arm-none-eabi/lib/armv7e-m/libc_nano.a
END GROUP
LOAD /usr/local/Cellar/arm-none-eabi-gcc/4.9-2015-q2-update/bin/../lib/gcc/arm-none-eabi/4.9.3/armv7e-m/crtend.o
LOAD /usr/local/Cellar/arm-none-eabi-gcc/4.9-2015-q2-update/bin/../lib/gcc/arm-none-eabi/4.9.3/armv7e-m/crtn.o

.isr_vector     0x0000000000000000      0x198
                0x0000000000000000                __vector_table = .
 *(SORT(.vector_table))
 .vector_table  0x0000000000000000      0x198 ym/mbed-hal-k64f/source/mbed-hal-k64f.a(startup_MK64F12.S.obj)
                0x0000000000000000                __isr_vector
                0x0000000000000198                . = ALIGN (0x4)

.flash_protect  0x0000000000000400       0x10
 *(SORT(.kinetis_flash_config_field))
 .kinetis_flash_config_field
                0x0000000000000400       0x10 ym/mbed-hal-k64f/source/mbed-hal-k64f.a(startup_MK64F12.S.obj)
                0x0000000000000410                . = ALIGN (0x4)

.uvisor.bss     0x000000001fff0200     0x2000
                0x000000001fff0200                . = ALIGN (0x20)
                0x000000001fff0200                __uvisor_bss_start = .
                0x000000001fff0200                . = ALIGN (0x20)
                0x000000001fff0200                __uvisor_bss_main_start = .
 *(SORT(.keep.uvisor.bss.main))
 .keep.uvisor.bss.main
                0x000000001fff0200     0x2000 ym/uvisor-lib/source/uvisor-lib.a(uvisor.o)
                0x000000001fff2200                . = ALIGN (0x20)
                0x000000001fff2200                __uvisor_bss_main_end = .
                0x000000001fff2200                . = ALIGN (0x20)
                0x000000001fff2200                __uvisor_bss_boxes_start = .
 *(SORT(.keep.uvisor.bss.boxes))
                0x000000001fff2200                . = ALIGN (0x20)
                0x000000001fff2200                __uvisor_bss_boxes_end = .
                0x000000001fff2200                . = ALIGN (0x20)
                0x000000001fff2200                __uvisor_bss_end = .

.text           0x0000000000000410     0x7b1c
                0x0000000000000410                . = ALIGN (0x4)
                0x0000000000000410                __uvisor_main_start = .
 *(SORT(.uvisor.main))
 .uvisor.main   0x0000000000000410     0x1614 ym/uvisor-lib/source/uvisor-lib.a(uvisor.o)
                0x0000000000000410                uvisor_init
                0x00000000000019d8                uvisor_config
                0x0000000000001a20                __uvisor_mode
                0x0000000000001a24                __uvisor_main_end = .
 *(SORT(.text*))
 *fill*         0x0000000000001a24        0x4 
 .text._ZN6DS182011temperatureEc
                0x0000000000001a28      0x12c source/ds1820-mbedos.a(DS1820.cpp.o)
                0x0000000000001a28                DS1820::temperature(char)
 *fill*         0x0000000000001b54        0x4 
 .text.floor    0x0000000000001b58      0x118 /usr/local/Cellar/arm-none-eabi-gcc/4.9-2015-q2-update/bin/../lib/gcc/arm-none-eabi/4.9.3/../../../../arm-none-eabi/lib/armv7e-m/libm.a(lib_a-s_floor.o)
                0x0000000000001b58                floor
 .text          0x0000000000001c70       0x5c /usr/local/Cellar/arm-none-eabi-gcc/4.9-2015-q2-update/bin/../lib/gcc/arm-none-eabi/4.9.3/armv7e-m/crtbegin.o
 .text          0x0000000000001ccc       0x74 /usr/local/Cellar/arm-none-eabi-gcc/4.9-2015-q2-update/bin/../lib/gcc/arm-none-eabi/4.9.3/../../../../arm-none-eabi/lib/armv7e-m/crt0.o
                0x0000000000001ccc                _mainCRTStartup
                0x0000000000001ccc                _start
 .text.app_start
                0x0000000000001d40       0x88 test/CMakeFiles/ds1820-mbedos-test-sense.dir/Users/andrewbrannan/converge/code/DS1820-mbedOS/test/sense.cpp.o
                0x0000000000001d40                app_start
 .text._ZN4mbed4util19FunctionPointerBindIvED2Ev
                0x0000000000001dc8       0x18 ym/mbed-drivers/source/mbed-drivers.a(retarget.cpp.o)
                0x0000000000001dc8                mbed::util::FunctionPointerBind<void>::~FunctionPointerBind()
                0x0000000000001dc8                mbed::util::FunctionPointerBind<void>::~FunctionPointerBind()
 .text._ZN4mbed4util19FunctionPointerBindIvE5clearEv
                0x0000000000001de0       0x24 ym/mbed-drivers/source/mbed-drivers.a(retarget.cpp.o)
                0x0000000000001de0                mbed::util::FunctionPointerBind<void>::clear()
 .text._ZL11init_serialv
                0x0000000000001e04       0x20 ym/mbed-drivers/source/mbed-drivers.a(retarget.cpp.o)
 .text._close   0x0000000000001e24       0x2c ym/mbed-drivers/source/mbed-drivers.a(retarget.cpp.o)
                0x0000000000001e24                _close
 .text._write   0x0000000000001e50       0x50 ym/mbed-drivers/source/mbed-drivers.a(retarget.cpp.o)
                0x0000000000001e50                _write
 .text._read    0x0000000000001ea0       0x44 ym/mbed-drivers/source/mbed-drivers.a(retarget.cpp.o)
                0x0000000000001ea0                _read
 .text._isatty  0x0000000000001ee4       0x24 ym/mbed-drivers/source/mbed-drivers.a(retarget.cpp.o)
                0x0000000000001ee4                _isatty
 .text._lseek   0x0000000000001f08       0x24 ym/mbed-drivers/source/mbed-drivers.a(retarget.cpp.o)
                0x0000000000001f08                _lseek
 .text._ZN4mbed4util19FunctionPointerBindIvE4bindINS0_16FunctionPointer2IviPPcE10arg_structEEERS2_PKNS0_19FunctionPointerBaseIvE6ArgOpsEPT_PSB_z
                0x0000000000001f2c       0x64 ym/mbed-drivers/source/mbed-drivers.a(retarget.cpp.o)
                0x0000000000001f2c                mbed::util::FunctionPointerBind<void>& mbed::util::FunctionPointerBind<void>::bind<mbed::util::FunctionPointer2<void, int, char**>::arg_struct>(mbed::util::FunctionPointerBase<void>::ArgOps const*, mbed::util::FunctionPointer2<void, int, char**>::arg_struct*, mbed::util::FunctionPointerBase<void>*, ...)
 .text.startup.main
                0x0000000000001f90       0x84 ym/mbed-drivers/source/mbed-drivers.a(retarget.cpp.o)
                0x0000000000001f90                main
 .text.exit     0x0000000000002014       0x24 ym/mbed-drivers/source/mbed-drivers.a(exit.c.o)
                0x0000000000002014                exit
 .text.gpio_write
                0x0000000000002038       0x34 ym/mbed-drivers/source/mbed-drivers.a(board.c.o)
 .text.wait     0x000000000000206c       0x18 ym/mbed-drivers/source/mbed-drivers.a(wait_api.c.o)
                0x000000000000206c                wait
 .text.error    0x0000000000002084       0x20 ym/mbed-drivers/source/mbed-drivers.a(error.c.o)
                0x0000000000002084                error
 .text.gpio_write
                0x00000000000020a4       0x34 ym/mbed-drivers/source/mbed-drivers.a(gpio.c.o)
 .text.gpio_read
                0x00000000000020d8       0x3c source/ds1820-mbedos.a(DS1820.cpp.o)
 .text.gpio_write
                0x0000000000002114       0x34 source/ds1820-mbedos.a(DS1820.cpp.o)
 .text._ZN6DS182018search_ROM_routineEPN4mbed12DigitalInOutEcPc
                0x0000000000002148      0x130 source/ds1820-mbedos.a(DS1820.cpp.o)
                0x0000000000002148                DS1820::search_ROM_routine(mbed::DigitalInOut*, char, char*)
 .text._ZN6DS1820C2E7PinNameS0_b
                0x0000000000002278       0x80 source/ds1820-mbedos.a(DS1820.cpp.o)
                0x0000000000002278                DS1820::DS1820(PinName, PinName, bool)
                0x0000000000002278                DS1820::DS1820(PinName, PinName, bool)
 .text.startup._GLOBAL__sub_I__ZN6DS18206probesE
                0x00000000000022f8       0x24 source/ds1820-mbedos.a(DS1820.cpp.o)
 .text._ZN5minar12CallbackNode13get_allocatorEv
                0x000000000000231c       0x48 ym/minar/source/minar.a(minar.cpp.o)
                0x000000000000231c                minar::CallbackNode::get_allocator()
 .text._ZN4mbed4util19FunctionPointerBindIvEC2ERKS2_
                0x0000000000002364       0x58 ym/minar/source/minar.a(minar.cpp.o)
                0x0000000000002364                mbed::util::FunctionPointerBind<void>::FunctionPointerBind(mbed::util::FunctionPointerBind<void> const&)
                0x0000000000002364                mbed::util::FunctionPointerBind<void>::FunctionPointerBind(mbed::util::FunctionPointerBind<void> const&)
 .text._ZNK4mbed4util10BinaryHeapIPN5minar12CallbackNodeENS2_13SchedulerData19CallbackNodeCompareEE8get_rootEv
                0x00000000000023bc       0x28 ym/minar/source/minar.a(minar.cpp.o)
                0x00000000000023bc                mbed::util::BinaryHeap<minar::CallbackNode*, minar::SchedulerData::CallbackNodeCompare>::get_root() const
 .text._ZN5minar13SchedulerDataC2Ev
                0x00000000000023e4       0x60 ym/minar/source/minar.a(minar.cpp.o)
                0x00000000000023e4                minar::SchedulerData::SchedulerData()
                0x00000000000023e4                minar::SchedulerData::SchedulerData()
 .text._ZN5minar9Scheduler8instanceEv
                0x0000000000002444       0x34 ym/minar/source/minar.a(minar.cpp.o)
                0x0000000000002444                minar::Scheduler::instance()
 .text._ZN5minar9Scheduler12postCallbackERKN4mbed4util19FunctionPointerBindIvEE
                0x0000000000002478       0x34 ym/minar/source/minar.a(minar.cpp.o)
                0x0000000000002478                minar::Scheduler::postCallback(mbed::util::FunctionPointerBind<void> const&)
 .text._ZN5minar13SchedulerData5startEv
                0x00000000000024ac      0x18c ym/minar/source/minar.a(minar.cpp.o)
                0x00000000000024ac                minar::SchedulerData::start()
 .text._ZN5minar9Scheduler5startEv
                0x0000000000002638       0x18 ym/minar/source/minar.a(minar.cpp.o)
                0x0000000000002638                minar::Scheduler::start()
 .text._ZN5minar13SchedulerData11postGenericEN4mbed4util19FunctionPointerBindIvEEmmm
                0x0000000000002650       0x5c ym/minar/source/minar.a(minar.cpp.o)
                0x0000000000002650                minar::SchedulerData::postGeneric(mbed::util::FunctionPointerBind<void>, unsigned long, unsigned long, unsigned long)
 .text.core_util_runtime_error_internal
                0x00000000000026ac       0x38 ym/core-util/source/core-util.a(core-util_mbed_os.c.o)
                0x00000000000026ac                core_util_runtime_error_internal
 .text.uart_irq
                0x00000000000026e4       0x38 ym/mbed-hal-ksdk-mcu/source/mbed-hal-ksdk-mcu.a(serial_api.c.o)
 .text.uart1_irq
                0x000000000000271c       0x34 ym/mbed-hal-ksdk-mcu/source/mbed-hal-ksdk-mcu.a(serial_api.c.o)
                0x000000000000271c                uart1_irq
 .text.uart2_irq
                0x0000000000002750       0x34 ym/mbed-hal-ksdk-mcu/source/mbed-hal-ksdk-mcu.a(serial_api.c.o)
                0x0000000000002750                uart2_irq
 .text.uart3_irq
                0x0000000000002784       0x34 ym/mbed-hal-ksdk-mcu/source/mbed-hal-ksdk-mcu.a(serial_api.c.o)
                0x0000000000002784                uart3_irq
 .text.uart4_irq
                0x00000000000027b8       0x34 ym/mbed-hal-ksdk-mcu/source/mbed-hal-ksdk-mcu.a(serial_api.c.o)
                0x00000000000027b8                uart4_irq
 .text.uart0_irq
                0x00000000000027ec       0x48 ym/mbed-hal-ksdk-mcu/source/mbed-hal-ksdk-mcu.a(serial_api.c.o)
                0x00000000000027ec                uart0_irq
 .text.serial_init
                0x0000000000002834      0x190 ym/mbed-hal-ksdk-mcu/source/mbed-hal-ksdk-mcu.a(serial_api.c.o)
                0x0000000000002834                serial_init
 .text.CLOCK_SYS_GetFreq
                0x00000000000029c4       0x90 ym/mbed-hal-ksdk-mcu/source/mbed-hal-ksdk-mcu.a(fsl_clock_manager.c.o)
                0x00000000000029c4                CLOCK_SYS_GetFreq
 .text.CLOCK_SYS_GetSysClkFreq
                0x0000000000002a54       0x5c ym/mbed-hal-ksdk-mcu/source/mbed-hal-ksdk-mcu.a(fsl_clock_manager.c.o)
                0x0000000000002a54                CLOCK_SYS_GetSysClkFreq
 .text.gpio_init
                0x0000000000002ab0       0x68 ym/mbed-hal-ksdk-mcu/source/mbed-hal-ksdk-mcu.a(gpio_api.c.o)
                0x0000000000002ab0                gpio_init
 .text.gpio_dir
                0x0000000000002b18       0x44 ym/mbed-hal-ksdk-mcu/source/mbed-hal-ksdk-mcu.a(gpio_api.c.o)
                0x0000000000002b18                gpio_dir
 .text.PIT_HAL_StartTimer.constprop.5
                0x0000000000002b5c       0x1c ym/mbed-hal-ksdk-mcu/source/mbed-hal-ksdk-mcu.a(us_ticker.c.o)
 .text.PIT_HAL_SetTimerPeriodByCount.constprop.7
                0x0000000000002b78       0x18 ym/mbed-hal-ksdk-mcu/source/mbed-hal-ksdk-mcu.a(us_ticker.c.o)
 .text.us_ticker_init
                0x0000000000002b90       0xb4 ym/mbed-hal-ksdk-mcu/source/mbed-hal-ksdk-mcu.a(us_ticker.c.o)
                0x0000000000002b90                us_ticker_init
 .text.us_ticker_read
                0x0000000000002c44       0x28 ym/mbed-hal-ksdk-mcu/source/mbed-hal-ksdk-mcu.a(us_ticker.c.o)
                0x0000000000002c44                us_ticker_read
 .text.us_ticker_disable_interrupt
                0x0000000000002c6c       0x18 ym/mbed-hal-ksdk-mcu/source/mbed-hal-ksdk-mcu.a(us_ticker.c.o)
                0x0000000000002c6c                us_ticker_disable_interrupt
 .text.us_ticker_clear_interrupt
                0x0000000000002c84       0x18 ym/mbed-hal-ksdk-mcu/source/mbed-hal-ksdk-mcu.a(us_ticker.c.o)
                0x0000000000002c84                us_ticker_clear_interrupt
 .text.us_ticker_set_interrupt
                0x0000000000002c9c       0x60 ym/mbed-hal-ksdk-mcu/source/mbed-hal-ksdk-mcu.a(us_ticker.c.o)
                0x0000000000002c9c                us_ticker_set_interrupt
 .text.CLOCK_HAL_SetSource
                0x0000000000002cfc      0x10c ym/mbed-hal-ksdk-mcu/source/mbed-hal-ksdk-mcu.a(fsl_sim_hal.c.o)
                0x0000000000002cfc                CLOCK_HAL_SetSource
 .text.CLOCK_HAL_GetDivider
                0x0000000000002e08       0xb8 ym/mbed-hal-ksdk-mcu/source/mbed-hal-ksdk-mcu.a(fsl_sim_hal.c.o)
                0x0000000000002e08                CLOCK_HAL_GetDivider
 .text.pin_function
                0x0000000000002ec0       0x6c ym/mbed-hal-ksdk-mcu/source/mbed-hal-ksdk-mcu.a(pinmap.c.o)
                0x0000000000002ec0                pin_function
 .text.pin_mode
                0x0000000000002f2c       0x80 ym/mbed-hal-ksdk-mcu/source/mbed-hal-ksdk-mcu.a(pinmap.c.o)
                0x0000000000002f2c                pin_mode
 .text.CLOCK_HAL_GetFllRefClk
                0x0000000000002fac       0x8c ym/mbed-hal-ksdk-mcu/source/mbed-hal-ksdk-mcu.a(fsl_mcg_hal.c.o)
                0x0000000000002fac                CLOCK_HAL_GetFllRefClk
 .text.CLOCK_HAL_GetPll0Clk
                0x0000000000003038       0x58 ym/mbed-hal-ksdk-mcu/source/mbed-hal-ksdk-mcu.a(fsl_mcg_hal.c.o)
                0x0000000000003038                CLOCK_HAL_GetPll0Clk
 .text.CLOCK_HAL_GetInternalRefClk
                0x0000000000003090       0x40 ym/mbed-hal-ksdk-mcu/source/mbed-hal-ksdk-mcu.a(fsl_mcg_hal.c.o)
                0x0000000000003090                CLOCK_HAL_GetInternalRefClk
 .text.CLOCK_HAL_GetOutClk
                0x00000000000030d0       0x80 ym/mbed-hal-ksdk-mcu/source/mbed-hal-ksdk-mcu.a(fsl_mcg_hal.c.o)
                0x00000000000030d0                CLOCK_HAL_GetOutClk
 .text          0x0000000000003150       0x14 ym/mbed-hal-k64f/source/mbed-hal-k64f.a(startup_MK64F12.S.obj)
                0x0000000000003150                NMI_Handler
                0x0000000000003152                HardFault_Handler
                0x0000000000003154                MemManage_Handler
                0x0000000000003156                BusFault_Handler
                0x0000000000003158                UsageFault_Handler
                0x000000000000315a                SVC_Handler
                0x000000000000315c                DebugMon_Handler
                0x000000000000315e                PendSV_Handler
                0x0000000000003160                SysTick_Handler
                0x0000000000003162                CAN0_ORed_Message_buffer_IRQHandler
                0x0000000000003162                Watchdog_IRQHandler
                0x0000000000003162                CMP2_IRQHandler
                0x0000000000003162                ENET_Receive_IRQHandler
                0x0000000000003162                ENET_1588_Timer_IRQHandler
                0x0000000000003162                UART2_RX_TX_IRQHandler
                0x0000000000003162                SWI_IRQHandler
                0x0000000000003162                ADC0_IRQHandler
                0x0000000000003162                I2S0_Tx_IRQHandler
                0x0000000000003162                CMT_IRQHandler
                0x0000000000003162                UART4_RX_TX_IRQHandler
                0x0000000000003162                SPI1_IRQHandler
                0x0000000000003162                DefaultISR
                0x0000000000003162                DMA9_IRQHandler
                0x0000000000003162                DMA14_IRQHandler
                0x0000000000003162                CMP1_IRQHandler
                0x0000000000003162                Reserved71_IRQHandler
                0x0000000000003162                PORTD_IRQHandler
                0x0000000000003162                PORTB_IRQHandler
                0x0000000000003162                UART4_ERR_IRQHandler
                0x0000000000003162                ADC1_IRQHandler
                0x0000000000003162                I2C2_IRQHandler
                0x0000000000003162                PIT2_IRQHandler
                0x0000000000003162                I2S0_Rx_IRQHandler
                0x0000000000003162                LPTimer_IRQHandler
                0x0000000000003162                DMA5_IRQHandler
                0x0000000000003162                RTC_IRQHandler
                0x0000000000003162                PDB0_IRQHandler
                0x0000000000003162                FTM1_IRQHandler
                0x0000000000003162                UART5_RX_TX_IRQHandler
                0x0000000000003162                UART3_ERR_IRQHandler
                0x0000000000003162                PIT3_IRQHandler
                0x0000000000003162                SDHC_IRQHandler
                0x0000000000003162                RTC_Seconds_IRQHandler
                0x0000000000003162                MCG_IRQHandler
                0x0000000000003162                FTFE_IRQHandler
                0x0000000000003162                UART2_ERR_IRQHandler
                0x0000000000003162                DMA11_IRQHandler
                0x0000000000003162                UART5_ERR_IRQHandler
                0x0000000000003162                Read_Collision_IRQHandler
                0x0000000000003162                Default_Handler
                0x0000000000003162                DMA7_IRQHandler
                0x0000000000003162                ENET_Transmit_IRQHandler
                0x0000000000003162                USBDCD_IRQHandler
                0x0000000000003162                USB0_IRQHandler
                0x0000000000003162                LLW_IRQHandler
                0x0000000000003162                SPI2_IRQHandler
                0x0000000000003162                DMA13_IRQHandler
                0x0000000000003162                DMA3_IRQHandler
                0x0000000000003162                UART0_LON_IRQHandler
                0x0000000000003162                RNG_IRQHandler
                0x0000000000003162                DMA0_IRQHandler
                0x0000000000003162                DMA15_IRQHandler
                0x0000000000003162                DAC0_IRQHandler
                0x0000000000003162                CAN0_Error_IRQHandler
                0x0000000000003162                DMA4_IRQHandler
                0x0000000000003162                PIT1_IRQHandler
                0x0000000000003162                UART0_ERR_IRQHandler
                0x0000000000003162                DMA_Error_IRQHandler
                0x0000000000003162                LVD_LVW_IRQHandler
                0x0000000000003162                SPI0_IRQHandler
                0x0000000000003162                FTM0_IRQHandler
                0x0000000000003162                PORTA_IRQHandler
                0x0000000000003162                DAC1_IRQHandler
                0x0000000000003162                MCM_IRQHandler
                0x0000000000003162                DMA12_IRQHandler
                0x0000000000003162                CAN0_Bus_Off_IRQHandler
                0x0000000000003162                FTM3_IRQHandler
                0x0000000000003162                PORTE_IRQHandler
                0x0000000000003162                FTM2_IRQHandler
                0x0000000000003162                DMA8_IRQHandler
                0x0000000000003162                DMA10_IRQHandler
                0x0000000000003162                CAN0_Wake_Up_IRQHandler
                0x0000000000003162                UART1_ERR_IRQHandler
                0x0000000000003162                UART1_RX_TX_IRQHandler
                0x0000000000003162                CMP0_IRQHandler
                0x0000000000003162                PORTC_IRQHandler
                0x0000000000003162                DMA6_IRQHandler
                0x0000000000003162                CAN0_Rx_Warning_IRQHandler
                0x0000000000003162                DMA1_IRQHandler
                0x0000000000003162                I2C0_IRQHandler
                0x0000000000003162                UART3_RX_TX_IRQHandler
                0x0000000000003162                UART0_RX_TX_IRQHandler
                0x0000000000003162                I2C1_IRQHandler
                0x0000000000003162                DMA2_IRQHandler
                0x0000000000003162                ENET_Error_IRQHandler
                0x0000000000003162                CAN0_Tx_Warning_IRQHandler
                0x0000000000003162                PIT0_IRQHandler
 .text.Reset_Handler
                0x0000000000003164       0x60 ym/mbed-hal-k64f/source/mbed-hal-k64f.a(startup_MK64F12.S.obj)
                0x0000000000003164                Reset_Handler
 .text.SIM_HAL_EnablePortClock
                0x00000000000031c4       0x50 ym/mbed-hal-k64f/source/mbed-hal-k64f.a(fsl_sim_hal_K64F12.c.o)
                0x00000000000031c4                SIM_HAL_EnablePortClock
 .text.SIM_HAL_EnablePitClock
                0x0000000000003214       0x1c ym/mbed-hal-k64f/source/mbed-hal-k64f.a(fsl_sim_hal_K64F12.c.o)
                0x0000000000003214                SIM_HAL_EnablePitClock
 .text.SIM_HAL_EnableLptimerClock
                0x0000000000003230       0x1c ym/mbed-hal-k64f/source/mbed-hal-k64f.a(fsl_sim_hal_K64F12.c.o)
                0x0000000000003230                SIM_HAL_EnableLptimerClock
 .text.SIM_HAL_EnableRtcClock
                0x000000000000324c       0x1c ym/mbed-hal-k64f/source/mbed-hal-k64f.a(fsl_sim_hal_K64F12.c.o)
                0x000000000000324c                SIM_HAL_EnableRtcClock
 .text.SIM_HAL_EnableUartClock
                0x0000000000003268       0x5c ym/mbed-hal-k64f/source/mbed-hal-k64f.a(fsl_sim_hal_K64F12.c.o)
                0x0000000000003268                SIM_HAL_EnableUartClock
 .text.pinmap_pinout
                0x00000000000032c4       0x38 ym/mbed-drivers/source/mbed-drivers.a(pinmap_common.c.o)
                0x00000000000032c4                pinmap_pinout
 .text.pinmap_merge
                0x00000000000032fc       0x24 ym/mbed-drivers/source/mbed-drivers.a(pinmap_common.c.o)
                0x00000000000032fc                pinmap_merge
 .text.pinmap_peripheral
                0x0000000000003320       0x20 ym/mbed-drivers/source/mbed-drivers.a(pinmap_common.c.o)
                0x0000000000003320                pinmap_peripheral
 .text.us_ticker_irq_handler
                0x0000000000003340        0xc ym/mbed-drivers/source/mbed-drivers.a(us_ticker_api.c.o)
                0x0000000000003340                us_ticker_irq_handler
 .text.mbed_enter_sleep
                0x000000000000334c       0x50 ym/mbed-hal-ksdk-mcu/source/mbed-hal-ksdk-mcu.a(sleep.c.o)
                0x000000000000334c                mbed_enter_sleep
 .text.RTC_HAL_GetPrescaler.constprop.1
                0x000000000000339c       0x18 ym/mbed-hal-ksdk-mcu/source/mbed-hal-ksdk-mcu.a(lp_ticker.c.o)
 .text.LPTMR_HAL_SetCompareValue.constprop.2
                0x00000000000033b4       0x30 ym/mbed-hal-ksdk-mcu/source/mbed-hal-ksdk-mcu.a(lp_ticker.c.o)
 .text.lptmr_isr
                0x00000000000033e4       0x18 ym/mbed-hal-ksdk-mcu/source/mbed-hal-ksdk-mcu.a(lp_ticker.c.o)
 .text.RTC_HAL_EnableCounter.constprop.11
                0x00000000000033fc       0x18 ym/mbed-hal-ksdk-mcu/source/mbed-hal-ksdk-mcu.a(lp_ticker.c.o)
 .text.RTC_HAL_SetAlarmReg.constprop.12
                0x0000000000003414       0x18 ym/mbed-hal-ksdk-mcu/source/mbed-hal-ksdk-mcu.a(lp_ticker.c.o)
 .text.RTC_HAL_SetAlarmIntCmd.constprop.14
                0x000000000000342c       0x18 ym/mbed-hal-ksdk-mcu/source/mbed-hal-ksdk-mcu.a(lp_ticker.c.o)
 .text.rct_isr  0x0000000000003444       0x38 ym/mbed-hal-ksdk-mcu/source/mbed-hal-ksdk-mcu.a(lp_ticker.c.o)
 .text.lp_ticker_init
                0x000000000000347c      0x120 ym/mbed-hal-ksdk-mcu/source/mbed-hal-ksdk-mcu.a(lp_ticker.c.o)
                0x000000000000347c                lp_ticker_init
 .text.lp_ticker_read
                0x000000000000359c       0x3c ym/mbed-hal-ksdk-mcu/source/mbed-hal-ksdk-mcu.a(lp_ticker.c.o)
                0x000000000000359c                lp_ticker_read
 .text.lp_ticker_get_compare_match
                0x00000000000035d8        0xc ym/mbed-hal-ksdk-mcu/source/mbed-hal-ksdk-mcu.a(lp_ticker.c.o)
                0x00000000000035d8                lp_ticker_get_compare_match
 .text.lp_ticker_set_interrupt
                0x00000000000035e4       0x7c ym/mbed-hal-ksdk-mcu/source/mbed-hal-ksdk-mcu.a(lp_ticker.c.o)
                0x00000000000035e4                lp_ticker_set_interrupt
 .text.lp_ticker_sleep_until
                0x0000000000003660       0x38 ym/mbed-hal-ksdk-mcu/source/mbed-hal-ksdk-mcu.a(lp_ticker.c.o)
                0x0000000000003660                lp_ticker_sleep_until
 .text.mbed_ufree
                0x0000000000003698       0x1c ym/ualloc/source/ualloc.a(ualloc.c.o)
                0x0000000000003698                mbed_ufree
 .text.init_mparams
                0x00000000000036b4       0x40 ym/dlmalloc/source/dlmalloc.a(dlmalloc.c.o)
 .text.init_top.constprop.16
                0x00000000000036f4       0x38 ym/dlmalloc/source/dlmalloc.a(dlmalloc.c.o)
 .text.segment_holding.constprop.18
                0x000000000000372c       0x20 ym/dlmalloc/source/dlmalloc.a(dlmalloc.c.o)
 .text.dlmalloc
                0x000000000000374c      0xe2c ym/dlmalloc/source/dlmalloc.a(dlmalloc.c.o)
                0x000000000000374c                dlmalloc
 .text.dlfree   0x0000000000004578      0x438 ym/dlmalloc/source/dlmalloc.a(dlmalloc.c.o)
                0x0000000000004578                dlfree
 .text.SystemInit
                0x00000000000049b0      0x138 ym/cmsis-core-k64f/source/cmsis-core-k64f.a(system_MK64F12.c.o)
                0x00000000000049b0                SystemInit
 .text.vIRQ_SetVectorX
                0x0000000000004ae8       0x1c ym/uvisor-lib/source/uvisor-lib.a(interrupts.cpp.o)
                0x0000000000004ae8                vIRQ_SetVectorX
 .text.vIRQ_EnableIRQ
                0x0000000000004b04       0x28 ym/uvisor-lib/source/uvisor-lib.a(interrupts.cpp.o)
                0x0000000000004b04                vIRQ_EnableIRQ
 .text.vIRQ_ClearPendingIRQ
                0x0000000000004b2c       0x2c ym/uvisor-lib/source/uvisor-lib.a(interrupts.cpp.o)
                0x0000000000004b2c                vIRQ_ClearPendingIRQ
 .text._ZSt15get_new_handlerv
                0x0000000000004b58       0x10 /usr/local/Cellar/arm-none-eabi-gcc/4.9-2015-q2-update/bin/../lib/gcc/arm-none-eabi/4.9.3/../../../../arm-none-eabi/lib/armv7e-m/libstdc++_nano.a(new_handler.o)
                0x0000000000004b58                std::get_new_handler()
 .text          0x0000000000004b68      0x370 /usr/local/Cellar/arm-none-eabi-gcc/4.9-2015-q2-update/bin/../lib/gcc/arm-none-eabi/4.9.3/armv7e-m/libgcc.a(_arm_addsubdf3.o)
                0x0000000000004b68                __aeabi_drsub
                0x0000000000004b70                __subdf3
                0x0000000000004b70                __aeabi_dsub
                0x0000000000004b74                __aeabi_dadd
                0x0000000000004b74                __adddf3
                0x0000000000004dec                __aeabi_ui2d
                0x0000000000004dec                __floatunsidf
                0x0000000000004e0c                __floatsidf
                0x0000000000004e0c                __aeabi_i2d
                0x0000000000004e30                __extendsfdf2
                0x0000000000004e30                __aeabi_f2d
                0x0000000000004e6c                __aeabi_ul2d
                0x0000000000004e6c                __floatundidf
                0x0000000000004e7c                __aeabi_l2d
                0x0000000000004e7c                __floatdidf
 .text          0x0000000000004ed8       0xa0 /usr/local/Cellar/arm-none-eabi-gcc/4.9-2015-q2-update/bin/../lib/gcc/arm-none-eabi/4.9.3/armv7e-m/libgcc.a(_arm_truncdfsf2.o)
                0x0000000000004ed8                __aeabi_d2f
                0x0000000000004ed8                __truncdfsf2
 .text          0x0000000000004f78      0x21c /usr/local/Cellar/arm-none-eabi-gcc/4.9-2015-q2-update/bin/../lib/gcc/arm-none-eabi/4.9.3/armv7e-m/libgcc.a(_arm_addsubsf3.o)
                0x0000000000004f78                __aeabi_frsub
                0x0000000000004f80                __aeabi_fsub
                0x0000000000004f80                __subsf3
                0x0000000000004f84                __aeabi_fadd
                0x0000000000004f84                __addsf3
                0x00000000000050e4                __aeabi_ui2f
                0x00000000000050e4                __floatunsisf
                0x00000000000050ec                __floatsisf
                0x00000000000050ec                __aeabi_i2f
                0x0000000000005108                __aeabi_ul2f
                0x0000000000005108                __floatundisf
                0x0000000000005118                __aeabi_l2f
                0x0000000000005118                __floatdisf
 .text          0x0000000000005194      0x2a0 /usr/local/Cellar/arm-none-eabi-gcc/4.9-2015-q2-update/bin/../lib/gcc/arm-none-eabi/4.9.3/armv7e-m/libgcc.a(_arm_muldivsf3.o)
                0x0000000000005194                __mulsf3
                0x0000000000005194                __aeabi_fmul
                0x00000000000052fc                __divsf3
                0x00000000000052fc                __aeabi_fdiv
 .text          0x0000000000005434       0x4c /usr/local/Cellar/arm-none-eabi-gcc/4.9-2015-q2-update/bin/../lib/gcc/arm-none-eabi/4.9.3/armv7e-m/libgcc.a(_arm_fixsfsi.o)
                0x0000000000005434                __fixsfsi
                0x0000000000005434                __aeabi_f2iz
 .text.round    0x0000000000005480       0xa0 /usr/local/Cellar/arm-none-eabi-gcc/4.9-2015-q2-update/bin/../lib/gcc/arm-none-eabi/4.9.3/../../../../arm-none-eabi/lib/armv7e-m/libm.a(lib_a-s_round.o)
                0x0000000000005480                round
 .text.__cxa_atexit
                0x0000000000005520       0x1c /usr/local/Cellar/arm-none-eabi-gcc/4.9-2015-q2-update/bin/../lib/gcc/arm-none-eabi/4.9.3/../../../../arm-none-eabi/lib/armv7e-m/libc_nano.a(lib_a-cxa_atexit.o)
                0x0000000000005520                __cxa_atexit
 .text.__errno  0x000000000000553c        0xc /usr/local/Cellar/arm-none-eabi-gcc/4.9-2015-q2-update/bin/../lib/gcc/arm-none-eabi/4.9.3/../../../../arm-none-eabi/lib/armv7e-m/libc_nano.a(lib_a-errno.o)
                0x000000000000553c                __errno
 .text._fflush_r
                0x0000000000005548       0x54 /usr/local/Cellar/arm-none-eabi-gcc/4.9-2015-q2-update/bin/../lib/gcc/arm-none-eabi/4.9.3/../../../../arm-none-eabi/lib/armv7e-m/libc_nano.a(lib_a-fflush.o)
                0x0000000000005548                _fflush_r
 .text.fflush   0x000000000000559c       0x24 /usr/local/Cellar/arm-none-eabi-gcc/4.9-2015-q2-update/bin/../lib/gcc/arm-none-eabi/4.9.3/../../../../arm-none-eabi/lib/armv7e-m/libc_nano.a(lib_a-fflush.o)
                0x000000000000559c                fflush
 .text._cleanup_r
                0x00000000000055c0        0xc /usr/local/Cellar/arm-none-eabi-gcc/4.9-2015-q2-update/bin/../lib/gcc/arm-none-eabi/4.9.3/../../../../arm-none-eabi/lib/armv7e-m/libc_nano.a(lib_a-findfp.o)
                0x00000000000055c0                _cleanup_r
 .text.std.isra.0
                0x00000000000055cc       0x48 /usr/local/Cellar/arm-none-eabi-gcc/4.9-2015-q2-update/bin/../lib/gcc/arm-none-eabi/4.9.3/../../../../arm-none-eabi/lib/armv7e-m/libc_nano.a(lib_a-findfp.o)
 .text.__sinit  0x0000000000005614       0x60 /usr/local/Cellar/arm-none-eabi-gcc/4.9-2015-q2-update/bin/../lib/gcc/arm-none-eabi/4.9.3/../../../../arm-none-eabi/lib/armv7e-m/libc_nano.a(lib_a-findfp.o)
                0x0000000000005614                __sinit
 .text.__sfp    0x0000000000005674       0x74 /usr/local/Cellar/arm-none-eabi-gcc/4.9-2015-q2-update/bin/../lib/gcc/arm-none-eabi/4.9.3/../../../../arm-none-eabi/lib/armv7e-m/libc_nano.a(lib_a-findfp.o)
                0x0000000000005674                __sfp
 .text.fprintf  0x00000000000056e8       0x24 /usr/local/Cellar/arm-none-eabi-gcc/4.9-2015-q2-update/bin/../lib/gcc/arm-none-eabi/4.9.3/../../../../arm-none-eabi/lib/armv7e-m/libc_nano.a(lib_a-fprintf.o)
                0x00000000000056e8                fprintf
                0x00000000000056e8                fiprintf
 .text.__libc_init_array
                0x000000000000570c       0x4c /usr/local/Cellar/arm-none-eabi-gcc/4.9-2015-q2-update/bin/../lib/gcc/arm-none-eabi/4.9.3/../../../../arm-none-eabi/lib/armv7e-m/libc_nano.a(lib_a-init.o)
                0x000000000000570c                __libc_init_array
 .text.malloc   0x0000000000005758       0x10 /usr/local/Cellar/arm-none-eabi-gcc/4.9-2015-q2-update/bin/../lib/gcc/arm-none-eabi/4.9.3/../../../../arm-none-eabi/lib/armv7e-m/libc_nano.a(lib_a-malloc.o)
                0x0000000000005758                malloc
 .text.free     0x0000000000005768       0x10 /usr/local/Cellar/arm-none-eabi-gcc/4.9-2015-q2-update/bin/../lib/gcc/arm-none-eabi/4.9.3/../../../../arm-none-eabi/lib/armv7e-m/libc_nano.a(lib_a-malloc.o)
                0x0000000000005768                free
 .text._vfprintf_r
                0x0000000000005778      0x210 /usr/local/Cellar/arm-none-eabi-gcc/4.9-2015-q2-update/bin/../lib/gcc/arm-none-eabi/4.9.3/../../../../arm-none-eabi/lib/armv7e-m/libc_nano.a(lib_a-nano-vfprintf.o)
                0x0000000000005778                _vfiprintf_r
                0x0000000000005778                _vfprintf_r
 .text.vfprintf
                0x0000000000005988       0x1c /usr/local/Cellar/arm-none-eabi-gcc/4.9-2015-q2-update/bin/../lib/gcc/arm-none-eabi/4.9.3/../../../../arm-none-eabi/lib/armv7e-m/libc_nano.a(lib_a-nano-vfprintf.o)
                0x0000000000005988                vfiprintf
                0x0000000000005988                vfprintf
 .text._printf_i
                0x00000000000059a4      0x240 /usr/local/Cellar/arm-none-eabi-gcc/4.9-2015-q2-update/bin/../lib/gcc/arm-none-eabi/4.9.3/../../../../arm-none-eabi/lib/armv7e-m/libc_nano.a(lib_a-nano-vfprintf_i.o)
                0x00000000000059a4                _printf_i
 .text.printf   0x0000000000005be4       0x30 /usr/local/Cellar/arm-none-eabi-gcc/4.9-2015-q2-update/bin/../lib/gcc/arm-none-eabi/4.9.3/../../../../arm-none-eabi/lib/armv7e-m/libc_nano.a(lib_a-printf.o)
                0x0000000000005be4                printf
                0x0000000000005be4                iprintf
 .text.puts     0x0000000000005c14       0x10 /usr/local/Cellar/arm-none-eabi-gcc/4.9-2015-q2-update/bin/../lib/gcc/arm-none-eabi/4.9.3/../../../../arm-none-eabi/lib/armv7e-m/libc_nano.a(lib_a-puts.o)
                0x0000000000005c14                puts
 .text.raise    0x0000000000005c24       0x10 /usr/local/Cellar/arm-none-eabi-gcc/4.9-2015-q2-update/bin/../lib/gcc/arm-none-eabi/4.9.3/../../../../arm-none-eabi/lib/armv7e-m/libc_nano.a(lib_a-signal.o)
                0x0000000000005c24                raise
 .text._kill_r  0x0000000000005c34       0x24 /usr/local/Cellar/arm-none-eabi-gcc/4.9-2015-q2-update/bin/../lib/gcc/arm-none-eabi/4.9.3/../../../../arm-none-eabi/lib/armv7e-m/libc_nano.a(lib_a-signalr.o)
                0x0000000000005c34                _kill_r
 .text.__swbuf_r
                0x0000000000005c58       0xa8 /usr/local/Cellar/arm-none-eabi-gcc/4.9-2015-q2-update/bin/../lib/gcc/arm-none-eabi/4.9.3/../../../../arm-none-eabi/lib/armv7e-m/libc_nano.a(lib_a-wbuf.o)
                0x0000000000005c58                __swbuf_r
 .text._write_r
                0x0000000000005d00       0x24 /usr/local/Cellar/arm-none-eabi-gcc/4.9-2015-q2-update/bin/../lib/gcc/arm-none-eabi/4.9.3/../../../../arm-none-eabi/lib/armv7e-m/libc_nano.a(lib_a-writer.o)
                0x0000000000005d00                _write_r
 .text.__swsetup_r
                0x0000000000005d24       0xd8 /usr/local/Cellar/arm-none-eabi-gcc/4.9-2015-q2-update/bin/../lib/gcc/arm-none-eabi/4.9.3/../../../../arm-none-eabi/lib/armv7e-m/libc_nano.a(lib_a-wsetup.o)
                0x0000000000005d24                __swsetup_r
 .text._close_r
                0x0000000000005dfc       0x20 /usr/local/Cellar/arm-none-eabi-gcc/4.9-2015-q2-update/bin/../lib/gcc/arm-none-eabi/4.9.3/../../../../arm-none-eabi/lib/armv7e-m/libc_nano.a(lib_a-closer.o)
                0x0000000000005dfc                _close_r
 .text._lseek_r
                0x0000000000005e1c       0x24 /usr/local/Cellar/arm-none-eabi-gcc/4.9-2015-q2-update/bin/../lib/gcc/arm-none-eabi/4.9.3/../../../../arm-none-eabi/lib/armv7e-m/libc_nano.a(lib_a-lseekr.o)
                0x0000000000005e1c                _lseek_r
 .text.__smakebuf_r
                0x0000000000005e40       0x9c /usr/local/Cellar/arm-none-eabi-gcc/4.9-2015-q2-update/bin/../lib/gcc/arm-none-eabi/4.9.3/../../../../arm-none-eabi/lib/armv7e-m/libc_nano.a(lib_a-makebuf.o)
                0x0000000000005e40                __smakebuf_r
 .text._read_r  0x0000000000005edc       0x24 /usr/local/Cellar/arm-none-eabi-gcc/4.9-2015-q2-update/bin/../lib/gcc/arm-none-eabi/4.9.3/../../../../arm-none-eabi/lib/armv7e-m/libc_nano.a(lib_a-readr.o)
                0x0000000000005edc                _read_r
 .text._fstat_r
                0x0000000000005f00       0x24 /usr/local/Cellar/arm-none-eabi-gcc/4.9-2015-q2-update/bin/../lib/gcc/arm-none-eabi/4.9.3/../../../../arm-none-eabi/lib/armv7e-m/libc_nano.a(lib_a-fstatr.o)
                0x0000000000005f00                _fstat_r
 .text._isatty_r
                0x0000000000005f24       0x20 /usr/local/Cellar/arm-none-eabi-gcc/4.9-2015-q2-update/bin/../lib/gcc/arm-none-eabi/4.9.3/../../../../arm-none-eabi/lib/armv7e-m/libc_nano.a(lib_a-isattyr.o)
                0x0000000000005f24                _isatty_r
 .text          0x0000000000005f44      0x110 /usr/local/Cellar/arm-none-eabi-gcc/4.9-2015-q2-update/bin/../lib/gcc/arm-none-eabi/4.9.3/armv7e-m/libgcc.a(_arm_cmpdf2.o)
                0x0000000000005f44                __gtdf2
                0x0000000000005f44                __gedf2
                0x0000000000005f4c                __ltdf2
                0x0000000000005f4c                __ledf2
                0x0000000000005f54                __eqdf2
                0x0000000000005f54                __nedf2
                0x0000000000005f54                __cmpdf2
                0x0000000000005fd0                __aeabi_cdrcmple
                0x0000000000005fe0                __aeabi_cdcmple
                0x0000000000005fe0                __aeabi_cdcmpeq
                0x0000000000005ff0                __aeabi_dcmpeq
                0x0000000000006004                __aeabi_dcmplt
                0x0000000000006018                __aeabi_dcmple
                0x000000000000602c                __aeabi_dcmpge
                0x0000000000006040                __aeabi_dcmpgt
 .text.mbed_sbrk
                0x0000000000006054       0x64 ym/core-util/source/core-util.a(sbrk.cpp.o)
                0x0000000000006054                mbed_sbrk
 .text.mbed_krbs_ex
                0x00000000000060b8       0x68 ym/core-util/source/core-util.a(sbrk.cpp.o)
                0x00000000000060b8                mbed_krbs_ex
 .text.NVIC_SetVector
                0x0000000000006120       0x3c ym/cmsis-core/source/cmsis-core.a(cmsis_nvic.c.o)
                0x0000000000006120                NVIC_SetVector
 .text._ZN4mbed4util19FunctionPointerBaseIvE17_null_constructorEPvSt9__va_list
                0x000000000000615c        0x2 ym/mbed-drivers/source/mbed-drivers.a(retarget.cpp.o)
                0x000000000000615c                mbed::util::FunctionPointerBase<void>::_null_constructor(void*, std::__va_list)
 .text._ZN4mbed4util19FunctionPointerBaseIvE15_null_copy_argsEPvS3_
                0x000000000000615e        0x2 ym/mbed-drivers/source/mbed-drivers.a(retarget.cpp.o)
                0x000000000000615e                mbed::util::FunctionPointerBase<void>::_null_copy_args(void*, void*)
 .text._ZN4mbed4util19FunctionPointerBaseIvE16_null_destructorEPv
                0x0000000000006160        0x2 ym/mbed-drivers/source/mbed-drivers.a(retarget.cpp.o)
                0x0000000000006160                mbed::util::FunctionPointerBase<void>::_null_destructor(void*)
 .text._ZN4mbed4util16FunctionPointer2IviPPcE11constructorEPvSt9__va_list
                0x0000000000006162       0x10 ym/mbed-drivers/source/mbed-drivers.a(retarget.cpp.o)
                0x0000000000006162                mbed::util::FunctionPointer2<void, int, char**>::constructor(void*, std::__va_list)
 .text._ZN4mbed4util16FunctionPointer2IviPPcE16copy_constructorEPvS5_
                0x0000000000006172        0xc ym/mbed-drivers/source/mbed-drivers.a(retarget.cpp.o)
                0x0000000000006172                mbed::util::FunctionPointer2<void, int, char**>::copy_constructor(void*, void*)
 .text._ZN4mbed4util16FunctionPointer2IviPPcE10destructorEPv
                0x000000000000617e        0x2 ym/mbed-drivers/source/mbed-drivers.a(retarget.cpp.o)
                0x000000000000617e                mbed::util::FunctionPointer2<void, int, char**>::destructor(void*)
 .text._ZN4mbed4util16FunctionPointer2IviPPcE12staticcallerEPvPjS5_
                0x0000000000006180        0x8 ym/mbed-drivers/source/mbed-drivers.a(retarget.cpp.o)
                0x0000000000006180                mbed::util::FunctionPointer2<void, int, char**>::staticcaller(void*, unsigned int*, void*)
 .text._ZN4mbed4util16FunctionPointer2IviPPcED2Ev
                0x0000000000006188        0x2 ym/mbed-drivers/source/mbed-drivers.a(retarget.cpp.o)
                0x0000000000006188                mbed::util::FunctionPointer2<void, int, char**>::~FunctionPointer2()
                0x0000000000006188                mbed::util::FunctionPointer2<void, int, char**>::~FunctionPointer2()
 .text._ZN4mbed4util16FunctionPointer2IviPPcED0Ev
                0x000000000000618a        0xc ym/mbed-drivers/source/mbed-drivers.a(retarget.cpp.o)
                0x000000000000618a                mbed::util::FunctionPointer2<void, int, char**>::~FunctionPointer2()
 .text._ZN4mbed4util19FunctionPointerBindIvED0Ev
                0x0000000000006196       0x12 ym/mbed-drivers/source/mbed-drivers.a(retarget.cpp.o)
                0x0000000000006196                mbed::util::FunctionPointerBind<void>::~FunctionPointerBind()
 .text._ZN4mbed4util19FunctionPointerBaseIvE5clearEv
                0x00000000000061a8        0xe ym/mbed-drivers/source/mbed-drivers.a(retarget.cpp.o)
                0x00000000000061a8                mbed::util::FunctionPointerBase<void>::clear()
 .text._fstat   0x00000000000061b6       0x1e ym/mbed-drivers/source/mbed-drivers.a(retarget.cpp.o)
                0x00000000000061b6                _fstat
 .text.__wrap_main
                0x00000000000061d4        0xe ym/mbed-drivers/source/mbed-drivers.a(retarget.cpp.o)
                0x00000000000061d4                __wrap_main
 .text._exit    0x00000000000061e2        0x4 ym/mbed-drivers/source/mbed-drivers.a(retarget.cpp.o)
                0x00000000000061e2                _exit
 .text._kill    0x00000000000061e6       0x10 ym/mbed-drivers/source/mbed-drivers.a(retarget.cpp.o)
                0x00000000000061e6                _kill
 .text._getpid  0x00000000000061f6        0x4 ym/mbed-drivers/source/mbed-drivers.a(retarget.cpp.o)
                0x00000000000061f6                _getpid
 .text.mbed_die
                0x00000000000061fa       0x2c ym/mbed-drivers/source/mbed-drivers.a(board.c.o)
                0x00000000000061fa                mbed_die
 .text.wait_us  0x0000000000006226       0x16 ym/mbed-drivers/source/mbed-drivers.a(wait_api.c.o)
                0x0000000000006226                wait_us
 .text.wait_ms  0x000000000000623c        0xa ym/mbed-drivers/source/mbed-drivers.a(wait_api.c.o)
                0x000000000000623c                wait_ms
 .text._gpio_init_in
                0x0000000000006246       0x26 ym/mbed-drivers/source/mbed-drivers.a(gpio.c.o)
 .text.gpio_init_in
                0x000000000000626c        0x6 ym/mbed-drivers/source/mbed-drivers.a(gpio.c.o)
                0x000000000000626c                gpio_init_in
 .text.gpio_init_out_ex
                0x0000000000006272       0x2e ym/mbed-drivers/source/mbed-drivers.a(gpio.c.o)
                0x0000000000006272                gpio_init_out_ex
 .text.gpio_init_out
                0x00000000000062a0        0x6 ym/mbed-drivers/source/mbed-drivers.a(gpio.c.o)
                0x00000000000062a0                gpio_init_out
 .text._ZN6DS182013onewire_resetEPN4mbed12DigitalInOutE
                0x00000000000062a6       0x40 source/ds1820-mbedos.a(DS1820.cpp.o)
                0x00000000000062a6                DS1820::onewire_reset(mbed::DigitalInOut*)
 .text._ZN6DS182015onewire_bit_outEPN4mbed12DigitalInOutEb
                0x00000000000062e6       0x40 source/ds1820-mbedos.a(DS1820.cpp.o)
                0x00000000000062e6                DS1820::onewire_bit_out(mbed::DigitalInOut*, bool)
 .text._ZN6DS182016onewire_byte_outEc
                0x0000000000006326       0x1c source/ds1820-mbedos.a(DS1820.cpp.o)
                0x0000000000006326                DS1820::onewire_byte_out(char)
 .text._ZN6DS182014onewire_bit_inEPN4mbed12DigitalInOutE
                0x0000000000006342       0x3c source/ds1820-mbedos.a(DS1820.cpp.o)
                0x0000000000006342                DS1820::onewire_bit_in(mbed::DigitalInOut*)
 .text._ZN6DS182015onewire_byte_inEv
                0x000000000000637e       0x20 source/ds1820-mbedos.a(DS1820.cpp.o)
                0x000000000000637e                DS1820::onewire_byte_in()
 .text._ZN6DS18209match_ROMEv
                0x000000000000639e       0x2a source/ds1820-mbedos.a(DS1820.cpp.o)
                0x000000000000639e                DS1820::match_ROM()
 .text._ZN6DS18208skip_ROMEv
                0x00000000000063c8       0x16 source/ds1820-mbedos.a(DS1820.cpp.o)
                0x00000000000063c8                DS1820::skip_ROM()
 .text._ZN6DS18208CRC_byteEcc
                0x00000000000063de       0x38 source/ds1820-mbedos.a(DS1820.cpp.o)
                0x00000000000063de                DS1820::CRC_byte(char, char)
 .text._ZN6DS182018ROM_checksum_errorEPc
                0x0000000000006416       0x20 source/ds1820-mbedos.a(DS1820.cpp.o)
                0x0000000000006416                DS1820::ROM_checksum_error(char*)
 .text._ZN6DS182015unassignedProbeE7PinName
                0x0000000000006436       0x20 source/ds1820-mbedos.a(DS1820.cpp.o)
                0x0000000000006436                DS1820::unassignedProbe(PinName)
 .text._ZN6DS182015unassignedProbeEPN4mbed12DigitalInOutEPc
                0x0000000000006456        0x8 source/ds1820-mbedos.a(DS1820.cpp.o)
                0x0000000000006456                DS1820::unassignedProbe(mbed::DigitalInOut*, char*)
 .text._ZN6DS182018RAM_checksum_errorEv
                0x000000000000645e       0x24 source/ds1820-mbedos.a(DS1820.cpp.o)
                0x000000000000645e                DS1820::RAM_checksum_error()
 .text._ZN6DS182018convertTemperatureEbNS_7devicesE
                0x0000000000006482       0xa8 source/ds1820-mbedos.a(DS1820.cpp.o)
                0x0000000000006482                DS1820::convertTemperature(bool, DS1820::devices)
 .text._ZN6DS18208read_RAMEv
                0x000000000000652a       0x28 source/ds1820-mbedos.a(DS1820.cpp.o)
                0x000000000000652a                DS1820::read_RAM()
 .text._ZN6DS182017read_power_supplyENS_7devicesE
                0x0000000000006552       0x24 source/ds1820-mbedos.a(DS1820.cpp.o)
                0x0000000000006552                DS1820::read_power_supply(DS1820::devices)
 .text._ZN10LinkedListI4nodeEC2Ev
                0x0000000000006576        0x6 source/ds1820-mbedos.a(LinkedList.cpp.o)
                0x0000000000006576                LinkedList<node>::LinkedList()
                0x0000000000006576                LinkedList<node>::LinkedList()
 .text._ZN10LinkedListI4nodeE6appendEPv
                0x000000000000657c       0x26 source/ds1820-mbedos.a(LinkedList.cpp.o)
                0x000000000000657c                LinkedList<node>::append(void*)
 .text._ZN10LinkedListI4nodeE6lengthEv
                0x00000000000065a2        0xe source/ds1820-mbedos.a(LinkedList.cpp.o)
                0x00000000000065a2                LinkedList<node>::length()
 .text._ZN10LinkedListI4nodeE6removeEm
                0x00000000000065b0       0x3a source/ds1820-mbedos.a(LinkedList.cpp.o)
                0x00000000000065b0                LinkedList<node>::remove(unsigned long)
 .text._ZN10LinkedListI4nodeED2Ev
                0x00000000000065ea       0x14 source/ds1820-mbedos.a(LinkedList.cpp.o)
                0x00000000000065ea                LinkedList<node>::~LinkedList()
                0x00000000000065ea                LinkedList<node>::~LinkedList()
 .text._ZN10LinkedListI4nodeE3popEm
                0x00000000000065fe       0x28 source/ds1820-mbedos.a(LinkedList.cpp.o)
                0x00000000000065fe                LinkedList<node>::pop(unsigned long)
 .text._ZN5minarL21smallestTimeIncrementEmmm
                0x0000000000006626       0x26 ym/minar/source/minar.a(minar.cpp.o)
 .text._ZN4mbed4util19CriticalSectionLockC2Ev
                0x000000000000664c        0xa ym/minar/source/minar.a(minar.cpp.o)
                0x000000000000664c                mbed::util::CriticalSectionLock::CriticalSectionLock()
                0x000000000000664c                mbed::util::CriticalSectionLock::CriticalSectionLock()
 .text._ZNK5minar13SchedulerData19CallbackNodeCompareclERKPNS_12CallbackNodeES5_
                0x0000000000006656       0x1c ym/minar/source/minar.a(minar.cpp.o)
                0x0000000000006656                minar::SchedulerData::CallbackNodeCompare::operator()(minar::CallbackNode* const&, minar::CallbackNode* const&) const
 .text._ZN5minar9Scheduler13CallbackAdderC2ERS0_N4mbed4util19FunctionPointerBindIvEE
                0x0000000000006672       0x22 ym/minar/source/minar.a(minar.cpp.o)
                0x0000000000006672                minar::Scheduler::CallbackAdder::CallbackAdder(minar::Scheduler&, mbed::util::FunctionPointerBind<void>)
                0x0000000000006672                minar::Scheduler::CallbackAdder::CallbackAdder(minar::Scheduler&, mbed::util::FunctionPointerBind<void>)
 .text._ZNK4mbed4util5ArrayIPN5minar12CallbackNodeEE19get_element_addressEj
                0x0000000000006694       0x18 ym/minar/source/minar.a(minar.cpp.o)
                0x0000000000006694                mbed::util::Array<minar::CallbackNode*>::get_element_address(unsigned int) const
 .text._ZN4mbed4util10BinaryHeapIPN5minar12CallbackNodeENS2_13SchedulerData19CallbackNodeCompareEE5_swapEjj
                0x00000000000066ac       0x34 ym/minar/source/minar.a(minar.cpp.o)
                0x00000000000066ac                mbed::util::BinaryHeap<minar::CallbackNode*, minar::SchedulerData::CallbackNodeCompare>::_swap(unsigned int, unsigned int)
 .text._ZN4mbed4util5ArrayIPN5minar12CallbackNodeEE8pop_backEv
                0x00000000000066e0       0x28 ym/minar/source/minar.a(minar.cpp.o)
                0x00000000000066e0                mbed::util::Array<minar::CallbackNode*>::pop_back()
 .text._ZN4mbed4util10BinaryHeapIPN5minar12CallbackNodeENS2_13SchedulerData19CallbackNodeCompareEE15_propagate_downEj
                0x0000000000006708       0xb0 ym/minar/source/minar.a(minar.cpp.o)
                0x0000000000006708                mbed::util::BinaryHeap<minar::CallbackNode*, minar::SchedulerData::CallbackNodeCompare>::_propagate_down(unsigned int)
 .text._ZNK4mbed4util5ArrayIPN5minar12CallbackNodeEE16create_new_arrayEjjPNS5_10array_linkE
                0x00000000000067b8       0x26 ym/minar/source/minar.a(minar.cpp.o)
                0x00000000000067b8                mbed::util::Array<minar::CallbackNode*>::create_new_array(unsigned int, unsigned int, mbed::util::Array<minar::CallbackNode*>::array_link*) const
 .text._ZN5minar9SchedulerC2Ev
                0x00000000000067de       0x16 ym/minar/source/minar.a(minar.cpp.o)
                0x00000000000067de                minar::Scheduler::Scheduler()
                0x00000000000067de                minar::Scheduler::Scheduler()
 .text._ZN4mbed4util10BinaryHeapIPN5minar12CallbackNodeENS2_13SchedulerData19CallbackNodeCompareEE6insertERKS4_
                0x00000000000067f4       0xc6 ym/minar/source/minar.a(minar.cpp.o)
                0x00000000000067f4                mbed::util::BinaryHeap<minar::CallbackNode*, minar::SchedulerData::CallbackNodeCompare>::insert(minar::CallbackNode* const&)
 .text._ZN5minar9Scheduler13CallbackAdder9getHandleEv
                0x00000000000068ba       0x50 ym/minar/source/minar.a(minar.cpp.o)
                0x00000000000068ba                minar::Scheduler::CallbackAdder::getHandle()
 .text._ZN5minar9Scheduler13CallbackAdderD2Ev
                0x000000000000690a       0x12 ym/minar/source/minar.a(minar.cpp.o)
                0x000000000000690a                minar::Scheduler::CallbackAdder::~CallbackAdder()
                0x000000000000690a                minar::Scheduler::CallbackAdder::~CallbackAdder()
 .text._ZN4mbed4util23ExtendablePoolAllocatorC2Ev
                0x000000000000691c        0x6 ym/core-util/source/core-util.a(ExtendablePoolAllocator.cpp.o)
                0x000000000000691c                mbed::util::ExtendablePoolAllocator::ExtendablePoolAllocator()
                0x000000000000691c                mbed::util::ExtendablePoolAllocator::ExtendablePoolAllocator()
 .text._ZN4mbed4util23ExtendablePoolAllocator4freeEPv
                0x0000000000006922       0x26 ym/core-util/source/core-util.a(ExtendablePoolAllocator.cpp.o)
                0x0000000000006922                mbed::util::ExtendablePoolAllocator::free(void*)
 .text._ZNK4mbed4util23ExtendablePoolAllocator15create_new_poolEjPNS1_9pool_linkE
                0x0000000000006948       0x44 ym/core-util/source/core-util.a(ExtendablePoolAllocator.cpp.o)
                0x0000000000006948                mbed::util::ExtendablePoolAllocator::create_new_pool(unsigned int, mbed::util::ExtendablePoolAllocator::pool_link*) const
 .text._ZN4mbed4util23ExtendablePoolAllocator4initEjjj12UAllocTraitsj
                0x000000000000698c       0x38 ym/core-util/source/core-util.a(ExtendablePoolAllocator.cpp.o)
                0x000000000000698c                mbed::util::ExtendablePoolAllocator::init(unsigned int, unsigned int, unsigned int, UAllocTraits, unsigned int)
 .text._ZN4mbed4util23ExtendablePoolAllocator5allocEv
                0x00000000000069c4       0x58 ym/core-util/source/core-util.a(ExtendablePoolAllocator.cpp.o)
                0x00000000000069c4                mbed::util::ExtendablePoolAllocator::alloc()
 .text._ZN4mbed4util13PoolAllocator5allocEv
                0x0000000000006a1c       0x2c ym/core-util/source/core-util.a(PoolAllocator.cpp.o)
                0x0000000000006a1c                mbed::util::PoolAllocator::alloc()
 .text._ZNK4mbed4util13PoolAllocator4ownsEPv
                0x0000000000006a48       0x16 ym/core-util/source/core-util.a(PoolAllocator.cpp.o)
                0x0000000000006a48                mbed::util::PoolAllocator::owns(void*) const
 .text._ZN4mbed4util13PoolAllocator4freeEPv
                0x0000000000006a5e       0x2e ym/core-util/source/core-util.a(PoolAllocator.cpp.o)
                0x0000000000006a5e                mbed::util::PoolAllocator::free(void*)
 .text._ZN4mbed4util13PoolAllocator13get_pool_sizeEjjj
                0x0000000000006a8c        0xc ym/core-util/source/core-util.a(PoolAllocator.cpp.o)
                0x0000000000006a8c                mbed::util::PoolAllocator::get_pool_size(unsigned int, unsigned int, unsigned int)
 .text._ZN4mbed4util13PoolAllocator8align_upEmm
                0x0000000000006a98        0xa ym/core-util/source/core-util.a(PoolAllocator.cpp.o)
                0x0000000000006a98                mbed::util::PoolAllocator::align_up(unsigned long, unsigned long)
 .text._ZN4mbed4util13PoolAllocator5_initEv
                0x0000000000006aa2       0x1e ym/core-util/source/core-util.a(PoolAllocator.cpp.o)
                0x0000000000006aa2                mbed::util::PoolAllocator::_init()
 .text._ZN4mbed4util13PoolAllocatorC2EPvjjj
                0x0000000000006ac0       0x20 ym/core-util/source/core-util.a(PoolAllocator.cpp.o)
                0x0000000000006ac0                mbed::util::PoolAllocator::PoolAllocator(void*, unsigned int, unsigned int, unsigned int)
                0x0000000000006ac0                mbed::util::PoolAllocator::PoolAllocator(void*, unsigned int, unsigned int, unsigned int)
 .text.UART_HAL_EnableTransmitter
                0x0000000000006ae0       0x18 ym/mbed-hal-ksdk-mcu/source/mbed-hal-ksdk-mcu.a(serial_api.c.o)
 .text.UART_HAL_EnableReceiver
                0x0000000000006af8       0x18 ym/mbed-hal-ksdk-mcu/source/mbed-hal-ksdk-mcu.a(serial_api.c.o)
 .text.UART_HAL_SetBitCountPerChar
                0x0000000000006b10       0x16 ym/mbed-hal-ksdk-mcu/source/mbed-hal-ksdk-mcu.a(serial_api.c.o)
 .text.UART_HAL_SetParityMode
                0x0000000000006b26       0x46 ym/mbed-hal-ksdk-mcu/source/mbed-hal-ksdk-mcu.a(serial_api.c.o)
 .text.UART_HAL_SetStopBitCount
                0x0000000000006b6c       0x16 ym/mbed-hal-ksdk-mcu/source/mbed-hal-ksdk-mcu.a(serial_api.c.o)
 .text.UART_HAL_GetTxDataRegEmptyIntCmd
                0x0000000000006b82       0x1e ym/mbed-hal-ksdk-mcu/source/mbed-hal-ksdk-mcu.a(serial_api.c.o)
 .text.UART_HAL_GetRxDataRegFullIntCmd
                0x0000000000006ba0       0x1e ym/mbed-hal-ksdk-mcu/source/mbed-hal-ksdk-mcu.a(serial_api.c.o)
 .text.UART_HAL_IsTxDataRegEmpty
                0x0000000000006bbe       0x1e ym/mbed-hal-ksdk-mcu/source/mbed-hal-ksdk-mcu.a(serial_api.c.o)
 .text.UART_HAL_IsRxDataRegFull
                0x0000000000006bdc       0x1e ym/mbed-hal-ksdk-mcu/source/mbed-hal-ksdk-mcu.a(serial_api.c.o)
 .text.serial_readable
                0x0000000000006bfa       0x1e ym/mbed-hal-ksdk-mcu/source/mbed-hal-ksdk-mcu.a(serial_api.c.o)
                0x0000000000006bfa                serial_readable
 .text.serial_getc
                0x0000000000006c18       0x20 ym/mbed-hal-ksdk-mcu/source/mbed-hal-ksdk-mcu.a(serial_api.c.o)
                0x0000000000006c18                serial_getc
 .text.serial_writable
                0x0000000000006c38       0x1e ym/mbed-hal-ksdk-mcu/source/mbed-hal-ksdk-mcu.a(serial_api.c.o)
                0x0000000000006c38                serial_writable
 .text.serial_putc
                0x0000000000006c56       0x1c ym/mbed-hal-ksdk-mcu/source/mbed-hal-ksdk-mcu.a(serial_api.c.o)
                0x0000000000006c56                serial_putc
 .text.gpio_mode
                0x0000000000006c72        0x6 ym/mbed-hal-ksdk-mcu/source/mbed-hal-ksdk-mcu.a(gpio_api.c.o)
                0x0000000000006c72                gpio_mode
 .text.UART_HAL_Init
                0x0000000000006c78      0x110 ym/mbed-hal-ksdk-mcu/source/mbed-hal-ksdk-mcu.a(fsl_uart_hal.c.o)
                0x0000000000006c78                UART_HAL_Init
 .text.UART_HAL_SetBaudRate
                0x0000000000006d88       0x86 ym/mbed-hal-ksdk-mcu/source/mbed-hal-ksdk-mcu.a(fsl_uart_hal.c.o)
                0x0000000000006d88                UART_HAL_SetBaudRate
 .text.UART_HAL_Putchar
                0x0000000000006e0e       0x20 ym/mbed-hal-ksdk-mcu/source/mbed-hal-ksdk-mcu.a(fsl_uart_hal.c.o)
                0x0000000000006e0e                UART_HAL_Putchar
 .text.UART_HAL_Getchar
                0x0000000000006e2e       0x22 ym/mbed-hal-ksdk-mcu/source/mbed-hal-ksdk-mcu.a(fsl_uart_hal.c.o)
                0x0000000000006e2e                UART_HAL_Getchar
 .text.UART_HAL_GetStatusFlag
                0x0000000000006e50       0x38 ym/mbed-hal-ksdk-mcu/source/mbed-hal-ksdk-mcu.a(fsl_uart_hal.c.o)
                0x0000000000006e50                UART_HAL_GetStatusFlag
 .text.UART_HAL_ClearStatusFlag
                0x0000000000006e88       0xd2 ym/mbed-hal-ksdk-mcu/source/mbed-hal-ksdk-mcu.a(fsl_uart_hal.c.o)
                0x0000000000006e88                UART_HAL_ClearStatusFlag
 .text.UART_HAL_ClearAllNonAutoclearStatusFlags
                0x0000000000006f5a       0x56 ym/mbed-hal-ksdk-mcu/source/mbed-hal-ksdk-mcu.a(fsl_uart_hal.c.o)
                0x0000000000006f5a                UART_HAL_ClearAllNonAutoclearStatusFlags
 .text.UART_HAL_SetTxFifoCmd
                0x0000000000006fb0       0x4a ym/mbed-hal-ksdk-mcu/source/mbed-hal-ksdk-mcu.a(fsl_uart_hal.c.o)
                0x0000000000006fb0                UART_HAL_SetTxFifoCmd
 .text.UART_HAL_SetRxFifoCmd
                0x0000000000006ffa       0x4a ym/mbed-hal-ksdk-mcu/source/mbed-hal-ksdk-mcu.a(fsl_uart_hal.c.o)
                0x0000000000006ffa                UART_HAL_SetRxFifoCmd
 .text.UART_HAL_FlushTxFifo
                0x0000000000007044       0x36 ym/mbed-hal-ksdk-mcu/source/mbed-hal-ksdk-mcu.a(fsl_uart_hal.c.o)
                0x0000000000007044                UART_HAL_FlushTxFifo
 .text.UART_HAL_FlushRxFifo
                0x000000000000707a       0x36 ym/mbed-hal-ksdk-mcu/source/mbed-hal-ksdk-mcu.a(fsl_uart_hal.c.o)
                0x000000000000707a                UART_HAL_FlushRxFifo
 .text.GPIO_HAL_SetPinDir
                0x00000000000070b0       0x42 ym/mbed-hal-ksdk-mcu/source/mbed-hal-ksdk-mcu.a(fsl_gpio_hal.c.o)
                0x00000000000070b0                GPIO_HAL_SetPinDir
 .text.GPIO_HAL_WritePinOutput
                0x00000000000070f2       0x1c ym/mbed-hal-ksdk-mcu/source/mbed-hal-ksdk-mcu.a(fsl_gpio_hal.c.o)
                0x00000000000070f2                GPIO_HAL_WritePinOutput
 .text.PORT_HAL_SetPullMode
                0x000000000000710e       0x1a ym/mbed-hal-ksdk-mcu/source/mbed-hal-ksdk-mcu.a(pinmap.c.o)
 .text.PORT_HAL_SetPullCmd
                0x0000000000007128       0x1c ym/mbed-hal-ksdk-mcu/source/mbed-hal-ksdk-mcu.a(pinmap.c.o)
 .text.CLOCK_HAL_GetClkSrcMode
                0x0000000000007144       0x12 ym/mbed-hal-ksdk-mcu/source/mbed-hal-ksdk-mcu.a(fsl_mcg_hal.c.o)
 .text.CLOCK_HAL_GetOscselMode
                0x0000000000007156       0x14 ym/mbed-hal-ksdk-mcu/source/mbed-hal-ksdk-mcu.a(fsl_mcg_hal.c.o)
 .text.CLOCK_HAL_GetFllClk
                0x000000000000716a       0x8a ym/mbed-hal-ksdk-mcu/source/mbed-hal-ksdk-mcu.a(fsl_mcg_hal.c.o)
                0x000000000000716a                CLOCK_HAL_GetFllClk
 .text._ZN5minar8platform4initEv
                0x00000000000071f4        0x4 ym/minar-platform-mbed/source/minar-platform-mbed.a(mbed_platform.cpp.o)
                0x00000000000071f4                minar::platform::init()
 .text._ZN5minar8platform5sleepEv
                0x00000000000071f8       0x14 ym/minar-platform-mbed/source/minar-platform-mbed.a(mbed_platform.cpp.o)
                0x00000000000071f8                minar::platform::sleep()
 .text._ZN5minar8platform7getTimeEv
                0x000000000000720c        0x4 ym/minar-platform-mbed/source/minar-platform-mbed.a(mbed_platform.cpp.o)
                0x000000000000720c                minar::platform::getTime()
 .text._ZN5minar8platform14sleepFromUntilEmm
                0x0000000000007210       0x56 ym/minar-platform-mbed/source/minar-platform-mbed.a(mbed_platform.cpp.o)
                0x0000000000007210                minar::platform::sleepFromUntil(unsigned long, unsigned long)
 .text.CLOCK_SYS_GetUartFreq
                0x0000000000007266       0x28 ym/mbed-hal-k64f/source/mbed-hal-k64f.a(fsl_clock_K64F12.c.o)
                0x0000000000007266                CLOCK_SYS_GetUartFreq
 .text.mbed_hal_init
                0x000000000000728e        0x2 ym/mbed-hal-frdm-k64f/source/mbed-hal-frdm-k64f.a(init_api.c.o)
                0x000000000000728e                mbed_hal_init
 .text.pinmap_find_peripheral
                0x0000000000007290       0x16 ym/mbed-drivers/source/mbed-drivers.a(pinmap_common.c.o)
                0x0000000000007290                pinmap_find_peripheral
 .text.ticker_irq_handler
                0x00000000000072a6       0x48 ym/mbed-drivers/source/mbed-drivers.a(ticker_api.c.o)
                0x00000000000072a6                ticker_irq_handler
 .text.mbed_exit_sleep
                0x00000000000072ee        0x2 ym/mbed-hal-ksdk-mcu/source/mbed-hal-ksdk-mcu.a(sleep.c.o)
                0x00000000000072ee                mbed_exit_sleep
 .text.SMC_HAL_SetProtection
                0x00000000000072f0       0x40 ym/mbed-hal-ksdk-mcu/source/mbed-hal-ksdk-mcu.a(fsl_smc_hal.c.o)
                0x00000000000072f0                SMC_HAL_SetProtection
 .text.LPTMR_HAL_Disable.constprop.5
                0x0000000000007330       0x14 ym/mbed-hal-ksdk-mcu/source/mbed-hal-ksdk-mcu.a(lp_ticker.c.o)
 .text.LPTMR_HAL_Enable.constprop.6
                0x0000000000007344       0x14 ym/mbed-hal-ksdk-mcu/source/mbed-hal-ksdk-mcu.a(lp_ticker.c.o)
 .text.RTC_HAL_SetSecsReg
                0x0000000000007358       0x26 ym/mbed-hal-ksdk-mcu/source/mbed-hal-ksdk-mcu.a(fsl_rtc_hal.c.o)
 .text.RTC_HAL_SetOscillatorCmd
                0x000000000000737e       0x16 ym/mbed-hal-ksdk-mcu/source/mbed-hal-ksdk-mcu.a(fsl_rtc_hal.c.o)
 .text.RTC_HAL_Enable
                0x0000000000007394        0x6 ym/mbed-hal-ksdk-mcu/source/mbed-hal-ksdk-mcu.a(fsl_rtc_hal.c.o)
                0x0000000000007394                RTC_HAL_Enable
 .text.RTC_HAL_Init
                0x000000000000739a       0x76 ym/mbed-hal-ksdk-mcu/source/mbed-hal-ksdk-mcu.a(fsl_rtc_hal.c.o)
                0x000000000000739a                RTC_HAL_Init
 .text.mbed_ualloc
                0x0000000000007410       0x48 ym/ualloc/source/ualloc.a(ualloc.c.o)
                0x0000000000007410                mbed_ualloc
 .text.dlcalloc
                0x0000000000007458       0x40 ym/dlmalloc/source/dlmalloc.a(dlmalloc.c.o)
                0x0000000000007458                dlcalloc
 .text.__aeabi_atexit
                0x0000000000007498        0xa /usr/local/Cellar/arm-none-eabi-gcc/4.9-2015-q2-update/bin/../lib/gcc/arm-none-eabi/4.9.3/../../../../arm-none-eabi/lib/armv7e-m/libstdc++_nano.a(atexit_arm.o)
                0x0000000000007498                __aeabi_atexit
 .text._ZdlPv   0x00000000000074a2        0x4 /usr/local/Cellar/arm-none-eabi-gcc/4.9-2015-q2-update/bin/../lib/gcc/arm-none-eabi/4.9.3/../../../../arm-none-eabi/lib/armv7e-m/libstdc++_nano.a(del_op.o)
                0x00000000000074a2                operator delete(void*)
 .text._ZdaPv   0x00000000000074a6        0x4 /usr/local/Cellar/arm-none-eabi-gcc/4.9-2015-q2-update/bin/../lib/gcc/arm-none-eabi/4.9.3/../../../../arm-none-eabi/lib/armv7e-m/libstdc++_nano.a(del_opv.o)
                0x00000000000074a6                operator delete[](void*)
 .text._Znwj    0x00000000000074aa       0x22 /usr/local/Cellar/arm-none-eabi-gcc/4.9-2015-q2-update/bin/../lib/gcc/arm-none-eabi/4.9.3/../../../../arm-none-eabi/lib/armv7e-m/libstdc++_nano.a(new_op.o)
                0x00000000000074aa                operator new(unsigned int)
 .text._Znaj    0x00000000000074cc        0x4 /usr/local/Cellar/arm-none-eabi-gcc/4.9-2015-q2-update/bin/../lib/gcc/arm-none-eabi/4.9.3/../../../../arm-none-eabi/lib/armv7e-m/libstdc++_nano.a(new_opv.o)
                0x00000000000074cc                operator new[](unsigned int)
 .text.abort    0x00000000000074d0        0xe /usr/local/Cellar/arm-none-eabi-gcc/4.9-2015-q2-update/bin/../lib/gcc/arm-none-eabi/4.9.3/../../../../arm-none-eabi/lib/armv7e-m/libc_nano.a(lib_a-abort.o)
                0x00000000000074d0                abort
 .text.__sflush_r
                0x00000000000074de      0x108 /usr/local/Cellar/arm-none-eabi-gcc/4.9-2015-q2-update/bin/../lib/gcc/arm-none-eabi/4.9.3/../../../../arm-none-eabi/lib/armv7e-m/libc_nano.a(lib_a-fflush.o)
                0x00000000000074de                __sflush_r
 .text.__sfmoreglue
                0x00000000000075e6       0x2c /usr/local/Cellar/arm-none-eabi-gcc/4.9-2015-q2-update/bin/../lib/gcc/arm-none-eabi/4.9.3/../../../../arm-none-eabi/lib/armv7e-m/libc_nano.a(lib_a-findfp.o)
                0x00000000000075e6                __sfmoreglue
 .text._fwalk_reent
                0x0000000000007612       0x3c /usr/local/Cellar/arm-none-eabi-gcc/4.9-2015-q2-update/bin/../lib/gcc/arm-none-eabi/4.9.3/../../../../arm-none-eabi/lib/armv7e-m/libc_nano.a(lib_a-fwalk.o)
                0x0000000000007612                _fwalk_reent
 .text.memset   0x000000000000764e       0x10 /usr/local/Cellar/arm-none-eabi-gcc/4.9-2015-q2-update/bin/../lib/gcc/arm-none-eabi/4.9.3/../../../../arm-none-eabi/lib/armv7e-m/libc_nano.a(lib_a-memset.o)
                0x000000000000764e                memset
 .text.__sfputc_r
                0x000000000000765e       0x2c /usr/local/Cellar/arm-none-eabi-gcc/4.9-2015-q2-update/bin/../lib/gcc/arm-none-eabi/4.9.3/../../../../arm-none-eabi/lib/armv7e-m/libc_nano.a(lib_a-nano-vfprintf.o)
 .text.__sfputs_r
                0x000000000000768a       0x24 /usr/local/Cellar/arm-none-eabi-gcc/4.9-2015-q2-update/bin/../lib/gcc/arm-none-eabi/4.9.3/../../../../arm-none-eabi/lib/armv7e-m/libc_nano.a(lib_a-nano-vfprintf.o)
                0x000000000000768a                __sfputs_r
 .text._printf_common
                0x00000000000076ae       0xea /usr/local/Cellar/arm-none-eabi-gcc/4.9-2015-q2-update/bin/../lib/gcc/arm-none-eabi/4.9.3/../../../../arm-none-eabi/lib/armv7e-m/libc_nano.a(lib_a-nano-vfprintf_i.o)
                0x00000000000076ae                _printf_common
 .text._puts_r  0x0000000000007798       0xbc /usr/local/Cellar/arm-none-eabi-gcc/4.9-2015-q2-update/bin/../lib/gcc/arm-none-eabi/4.9.3/../../../../arm-none-eabi/lib/armv7e-m/libc_nano.a(lib_a-puts.o)
                0x0000000000007798                _puts_r
 .text._raise_r
                0x0000000000007854       0x50 /usr/local/Cellar/arm-none-eabi-gcc/4.9-2015-q2-update/bin/../lib/gcc/arm-none-eabi/4.9.3/../../../../arm-none-eabi/lib/armv7e-m/libc_nano.a(lib_a-signal.o)
                0x0000000000007854                _raise_r
 .text._getpid_r
                0x00000000000078a4        0x4 /usr/local/Cellar/arm-none-eabi-gcc/4.9-2015-q2-update/bin/../lib/gcc/arm-none-eabi/4.9.3/../../../../arm-none-eabi/lib/armv7e-m/libc_nano.a(lib_a-signalr.o)
                0x00000000000078a4                _getpid_r
 .text.__sread  0x00000000000078a8       0x22 /usr/local/Cellar/arm-none-eabi-gcc/4.9-2015-q2-update/bin/../lib/gcc/arm-none-eabi/4.9.3/../../../../arm-none-eabi/lib/armv7e-m/libc_nano.a(lib_a-stdio.o)
                0x00000000000078a8                __sread
 .text.__swrite
                0x00000000000078ca       0x38 /usr/local/Cellar/arm-none-eabi-gcc/4.9-2015-q2-update/bin/../lib/gcc/arm-none-eabi/4.9.3/../../../../arm-none-eabi/lib/armv7e-m/libc_nano.a(lib_a-stdio.o)
                0x00000000000078ca                __swrite
 .text.__sseek  0x0000000000007902       0x24 /usr/local/Cellar/arm-none-eabi-gcc/4.9-2015-q2-update/bin/../lib/gcc/arm-none-eabi/4.9.3/../../../../arm-none-eabi/lib/armv7e-m/libc_nano.a(lib_a-stdio.o)
                0x0000000000007902                __sseek
 .text.__sclose
                0x0000000000007926        0x8 /usr/local/Cellar/arm-none-eabi-gcc/4.9-2015-q2-update/bin/../lib/gcc/arm-none-eabi/4.9.3/../../../../arm-none-eabi/lib/armv7e-m/libc_nano.a(lib_a-stdio.o)
                0x0000000000007926                __sclose
 .text.memchr   0x000000000000792e       0x1e /usr/local/Cellar/arm-none-eabi-gcc/4.9-2015-q2-update/bin/../lib/gcc/arm-none-eabi/4.9.3/../../../../arm-none-eabi/lib/armv7e-m/libc_nano.a(lib_a-memchr.o)
                0x000000000000792e                memchr
 .text._ZN4mbed4util10atomic_casImEEbPT_S3_S2_
                0x000000000000794c       0x1e ym/core-util/source/core-util.a(sbrk.cpp.o)
                0x000000000000794c                bool mbed::util::atomic_cas<unsigned long>(unsigned long*, unsigned long*, unsigned long)
 .text.mbed_krbs
                0x000000000000796a        0x6 ym/core-util/source/core-util.a(sbrk.cpp.o)
                0x000000000000796a                mbed_krbs
 .text.__wrap__malloc_r
                0x0000000000007970        0xc ym/ualloc/source/ualloc.a(malloc.c.o)
                0x0000000000007970                __wrap__malloc_r
 .text.__wrap__free_r
                0x000000000000797c        0x6 ym/ualloc/source/ualloc.a(malloc.c.o)
                0x000000000000797c                __wrap__free_r
 *(SORT(.init))
 *fill*         0x0000000000007982        0x2 
 .init          0x0000000000007984        0x4 /usr/local/Cellar/arm-none-eabi-gcc/4.9-2015-q2-update/bin/../lib/gcc/arm-none-eabi/4.9.3/armv7e-m/crti.o
                0x0000000000007984                _init
 .init          0x0000000000007988        0x8 /usr/local/Cellar/arm-none-eabi-gcc/4.9-2015-q2-update/bin/../lib/gcc/arm-none-eabi/4.9.3/armv7e-m/crtn.o
 *(SORT(.fini))
 .fini          0x0000000000007990        0x4 /usr/local/Cellar/arm-none-eabi-gcc/4.9-2015-q2-update/bin/../lib/gcc/arm-none-eabi/4.9.3/armv7e-m/crti.o
                0x0000000000007990                _fini
 .fini          0x0000000000007994        0x8 /usr/local/Cellar/arm-none-eabi-gcc/4.9-2015-q2-update/bin/../lib/gcc/arm-none-eabi/4.9.3/armv7e-m/crtn.o
 *crtbegin.o(SORT(.ctors))
 *crtbegin?.o(SORT(.ctors))
 *(SORT(EXCLUDE_FILE(*crtend.o *crtend?.o) .ctors))
 *(SORT(.ctors.*))
 *(SORT(.ctors))
 *crtbegin.o(SORT(.dtors))
 *crtbegin?.o(SORT(.dtors))
 *(SORT(EXCLUDE_FILE(*crtend.o *crtend?.o) .dtors))
 *(SORT(.dtors.*))
 *(SORT(.dtors))
 *(SORT(.rodata*))
 *fill*         0x000000000000799c        0x4 
 .rodata._ZTVN4mbed4util19FunctionPointerBindIvEE
                0x00000000000079a0       0x14 ym/mbed-drivers/source/mbed-drivers.a(retarget.cpp.o)
                0x00000000000079a0                vtable for mbed::util::FunctionPointerBind<void>
 *fill*         0x00000000000079b4        0x4 
 .rodata._ZTVN4mbed4util16FunctionPointer2IviPPcEE
                0x00000000000079b8       0x14 ym/mbed-drivers/source/mbed-drivers.a(retarget.cpp.o)
                0x00000000000079b8                vtable for mbed::util::FunctionPointer2<void, int, char**>
 .rodata._ZN4mbed4util16FunctionPointer2IviPPcE8_fp2_opsE
                0x00000000000079cc        0xc ym/mbed-drivers/source/mbed-drivers.a(retarget.cpp.o)
                0x00000000000079cc                mbed::util::FunctionPointer2<void, int, char**>::_fp2_ops
 .rodata._ZN4mbed4util19FunctionPointerBaseIvE8_nullopsE
                0x00000000000079d8        0xc ym/mbed-drivers/source/mbed-drivers.a(retarget.cpp.o)
                0x00000000000079d8                mbed::util::FunctionPointerBase<void>::_nullops
 .rodata        0x00000000000079e4       0x14 ym/mbed-drivers/source/mbed-drivers.a(board.c.o)
 .rodata        0x00000000000079f8       0x14 ym/mbed-drivers/source/mbed-drivers.a(gpio.c.o)
 .rodata        0x0000000000007a0c       0x14 source/ds1820-mbedos.a(DS1820.cpp.o)
 .rodata        0x0000000000007a20       0x18 ym/mbed-hal-ksdk-mcu/source/mbed-hal-ksdk-mcu.a(serial_api.c.o)
 .rodata.g_simBaseAddr
                0x0000000000007a38        0x4 ym/mbed-hal-ksdk-mcu/source/mbed-hal-ksdk-mcu.a(fsl_clock_manager.c.o)
                0x0000000000007a38                g_simBaseAddr
 .rodata        0x0000000000007a3c       0x28 ym/mbed-hal-ksdk-mcu/source/mbed-hal-ksdk-mcu.a(gpio_api.c.o)
 .rodata        0x0000000000007a64       0x14 ym/mbed-hal-ksdk-mcu/source/mbed-hal-ksdk-mcu.a(pinmap.c.o)
 .rodata.PinMap_UART_RX
                0x0000000000007a78       0x90 ym/mbed-hal-frdm-k64f/source/mbed-hal-frdm-k64f.a(PeripheralPins.c.o)
                0x0000000000007a78                PinMap_UART_RX
 .rodata.PinMap_UART_TX
                0x0000000000007b08       0x90 ym/mbed-hal-frdm-k64f/source/mbed-hal-frdm-k64f.a(PeripheralPins.c.o)
                0x0000000000007b08                PinMap_UART_TX
 .rodata.us_interface
                0x0000000000007b98       0x14 ym/mbed-drivers/source/mbed-drivers.a(us_ticker_api.c.o)
 .rodata.us_data
                0x0000000000007bac        0x8 ym/mbed-drivers/source/mbed-drivers.a(us_ticker_api.c.o)
 .rodata.__sf_fake_stdin
                0x0000000000007bb4       0x20 /usr/local/Cellar/arm-none-eabi-gcc/4.9-2015-q2-update/bin/../lib/gcc/arm-none-eabi/4.9.3/../../../../arm-none-eabi/lib/armv7e-m/libc_nano.a(lib_a-findfp.o)
                0x0000000000007bb4                __sf_fake_stdin
 .rodata.__sf_fake_stdout
                0x0000000000007bd4       0x20 /usr/local/Cellar/arm-none-eabi-gcc/4.9-2015-q2-update/bin/../lib/gcc/arm-none-eabi/4.9.3/../../../../arm-none-eabi/lib/armv7e-m/libc_nano.a(lib_a-findfp.o)
                0x0000000000007bd4                __sf_fake_stdout
 .rodata.__sf_fake_stderr
                0x0000000000007bf4       0x20 /usr/local/Cellar/arm-none-eabi-gcc/4.9-2015-q2-update/bin/../lib/gcc/arm-none-eabi/4.9.3/../../../../arm-none-eabi/lib/armv7e-m/libc_nano.a(lib_a-findfp.o)
                0x0000000000007bf4                __sf_fake_stderr
 .rodata._global_impure_ptr
                0x0000000000007c14        0x4 /usr/local/Cellar/arm-none-eabi-gcc/4.9-2015-q2-update/bin/../lib/gcc/arm-none-eabi/4.9.3/../../../../arm-none-eabi/lib/armv7e-m/libc_nano.a(lib_a-impure.o)
                0x0000000000007c14                _global_impure_ptr
 .rodata.str1.1
                0x0000000000007c18       0x34 test/CMakeFiles/ds1820-mbedos-test-sense.dir/Users/andrewbrannan/converge/code/DS1820-mbedOS/test/sense.cpp.o
 .rodata.str1.1
                0x0000000000007c4c       0x7a source/ds1820-mbedos.a(DS1820.cpp.o)
 .rodata.str1.1
                0x0000000000007cc6      0x162 ym/minar/source/minar.a(minar.cpp.o)
 .rodata.str1.1
                0x0000000000007e28       0x54 ym/core-util/source/core-util.a(core-util_mbed_os.c.o)
                                         0x57 (size before relaxing)
 .rodata.kClockNameConfigTable
                0x0000000000007e7c       0x12 ym/mbed-hal-k64f/source/mbed-hal-k64f.a(fsl_sim_hal_K64F12.c.o)
                0x0000000000007e7c                kClockNameConfigTable
 .rodata.str1.1
                0x0000000000007e8e       0x60 ym/mbed-drivers/source/mbed-drivers.a(pinmap_common.c.o)
 .rodata        0x0000000000007eee        0x3 ym/mbed-hal-ksdk-mcu/source/mbed-hal-ksdk-mcu.a(sleep.c.o)
 .rodata.str1.1
                0x0000000000007ef1        0x2 /usr/local/Cellar/arm-none-eabi-gcc/4.9-2015-q2-update/bin/../lib/gcc/arm-none-eabi/4.9.3/../../../../arm-none-eabi/lib/armv7e-m/libc_nano.a(lib_a-impure.o)
 .rodata.str1.1
                0x0000000000007ef3       0x11 /usr/local/Cellar/arm-none-eabi-gcc/4.9-2015-q2-update/bin/../lib/gcc/arm-none-eabi/4.9.3/../../../../arm-none-eabi/lib/armv7e-m/libc_nano.a(lib_a-nano-vfprintf.o)
 .rodata.str1.1
                0x0000000000007f04       0x22 /usr/local/Cellar/arm-none-eabi-gcc/4.9-2015-q2-update/bin/../lib/gcc/arm-none-eabi/4.9.3/../../../../arm-none-eabi/lib/armv7e-m/libc_nano.a(lib_a-nano-vfprintf_i.o)
 *(SORT(.eh_frame*))
 *fill*         0x0000000000007f26        0x2 
 .eh_frame      0x0000000000007f28        0x0 /usr/local/Cellar/arm-none-eabi-gcc/4.9-2015-q2-update/bin/../lib/gcc/arm-none-eabi/4.9.3/armv7e-m/crtbegin.o
 .eh_frame      0x0000000000007f28        0x0 /usr/local/Cellar/arm-none-eabi-gcc/4.9-2015-q2-update/bin/../lib/gcc/arm-none-eabi/4.9.3/../../../../arm-none-eabi/lib/armv7e-m/libc_nano.a(lib_a-strcmp.o)
                                         0x28 (size before relaxing)
 .eh_frame      0x0000000000007f28        0x4 /usr/local/Cellar/arm-none-eabi-gcc/4.9-2015-q2-update/bin/../lib/gcc/arm-none-eabi/4.9.3/armv7e-m/crtend.o

.glue_7         0x0000000000007f2c        0x0
 .glue_7        0x0000000000000000        0x0 linker stubs

.glue_7t        0x0000000000007f2c        0x0
 .glue_7t       0x0000000000000000        0x0 linker stubs

.vfp11_veneer   0x0000000000007f2c        0x0
 .vfp11_veneer  0x0000000000000000        0x0 linker stubs

.v4_bx          0x0000000000007f2c        0x0
 .v4_bx         0x0000000000000000        0x0 linker stubs

.iplt           0x0000000000007f2c        0x0
 .iplt          0x0000000000000000        0x0 /usr/local/Cellar/arm-none-eabi-gcc/4.9-2015-q2-update/bin/../lib/gcc/arm-none-eabi/4.9.3/armv7e-m/crtbegin.o

.ARM.extab
 *(SORT(.ARM.extab*) SORT(.gnu.linkonce.armextab.*))

.ARM.exidx      0x0000000000007f2c        0x8
                0x0000000000007f2c                __exidx_start = .
 *(SORT(.ARM.exidx*) SORT(.gnu.linkonce.armexidx.*))
 .ARM.exidx     0x0000000000007f2c        0x8 /usr/local/Cellar/arm-none-eabi-gcc/4.9-2015-q2-update/bin/../lib/gcc/arm-none-eabi/4.9.3/../../../../arm-none-eabi/lib/armv7e-m/crt0.o
                0x0000000000007f34                __exidx_end = .

.rel.dyn        0x0000000000007f34        0x0
 .rel.iplt      0x0000000000000000        0x0 /usr/local/Cellar/arm-none-eabi-gcc/4.9-2015-q2-update/bin/../lib/gcc/arm-none-eabi/4.9.3/armv7e-m/crtbegin.o

.stack          0x000000001fff2200     0x8000
                0x000000001fff2200                __StackLimit = .
 *(SORT(.stack*))
 .stack         0x000000001fff2200      0xc00 ym/mbed-hal-k64f/source/mbed-hal-k64f.a(startup_MK64F12.S.obj)
                0x000000001fffa200                . = (. + (0x8000 - (. - __StackLimit)))
 *fill*         0x000000001fff2e00     0x7400 
                0x000000001fffa200                __StackTop = (ADDR (.stack) + SIZEOF (.stack))
                0x000000001fff2200                __StackLimit = ADDR (.stack)
                0x000000001fffa200                PROVIDE (__stack, __StackTop)

.data           0x000000001fffa200       0xa0 load address 0x0000000000007f34
                0x0000000000007f34                PROVIDE (__etext, LOADADDR (.data))
                0x000000001fffa200                __data_start__ = .
 *(SORT(vtable))
 *(SORT(.data*))
 .data          0x000000001fffa200        0x4 /usr/local/Cellar/arm-none-eabi-gcc/4.9-2015-q2-update/bin/../lib/gcc/arm-none-eabi/4.9.3/armv7e-m/crtbegin.o
                0x000000001fffa200                __dso_handle
 .data.lp_compare_value
                0x000000001fffa204        0x4 ym/mbed-hal-ksdk-mcu/source/mbed-hal-ksdk-mcu.a(lp_ticker.c.o)
 .data.impure_data
                0x000000001fffa208       0x60 /usr/local/Cellar/arm-none-eabi-gcc/4.9-2015-q2-update/bin/../lib/gcc/arm-none-eabi/4.9.3/../../../../arm-none-eabi/lib/armv7e-m/libc_nano.a(lib_a-impure.o)
 .data._impure_ptr
                0x000000001fffa268        0x4 /usr/local/Cellar/arm-none-eabi-gcc/4.9-2015-q2-update/bin/../lib/gcc/arm-none-eabi/4.9.3/../../../../arm-none-eabi/lib/armv7e-m/libc_nano.a(lib_a-impure.o)
                0x000000001fffa268                _impure_ptr
 .data.mbed_sbrk_diff
                0x000000001fffa26c        0x4 ym/core-util/source/core-util.a(sbrk.cpp.o)
                0x000000001fffa26c                mbed_sbrk_diff
 .data.mbed_sbrk_ptr
                0x000000001fffa270        0x4 ym/core-util/source/core-util.a(sbrk.cpp.o)
                0x000000001fffa270                mbed_sbrk_ptr
 .data.mbed_krbs_ptr
                0x000000001fffa274        0x4 ym/core-util/source/core-util.a(sbrk.cpp.o)
                0x000000001fffa274                mbed_krbs_ptr
                0x000000001fffa278                . = ALIGN (0x4)
                0x000000001fffa278                PROVIDE (__preinit_array_start, .)
 *(SORT(.preinit_array))
                0x000000001fffa278                PROVIDE (__preinit_array_end, .)
                0x000000001fffa278                . = ALIGN (0x4)
                0x000000001fffa278                PROVIDE (__init_array_start, .)
 *(SORT(.init_array.*))
 *(SORT(.init_array))
 .init_array    0x000000001fffa278        0x4 /usr/local/Cellar/arm-none-eabi-gcc/4.9-2015-q2-update/bin/../lib/gcc/arm-none-eabi/4.9.3/armv7e-m/crtbegin.o
 .init_array    0x000000001fffa27c        0x4 source/ds1820-mbedos.a(DS1820.cpp.o)
                0x000000001fffa280                PROVIDE (__init_array_end, .)
                0x000000001fffa280                . = ALIGN (0x4)
                0x000000001fffa280                PROVIDE (__fini_array_start, .)
 *(SORT(.fini_array.*))
 *(SORT(.fini_array))
 .fini_array    0x000000001fffa280        0x4 /usr/local/Cellar/arm-none-eabi-gcc/4.9-2015-q2-update/bin/../lib/gcc/arm-none-eabi/4.9.3/armv7e-m/crtbegin.o
                0x000000001fffa284                PROVIDE (__fini_array_end, .)
                0x000000001fffa2a0                . = ALIGN (0x20)
 *fill*         0x000000001fffa284       0x1c 
                0x000000001fffa2a0                __data_end__ = .

.jcr            0x000000001fffa2a0        0x0 load address 0x0000000000007fd4
 .jcr           0x000000001fffa2a0        0x0 /usr/local/Cellar/arm-none-eabi-gcc/4.9-2015-q2-update/bin/../lib/gcc/arm-none-eabi/4.9.3/armv7e-m/crtbegin.o

.igot.plt       0x000000001fffa2a0        0x0 load address 0x0000000000007fd4
 .igot.plt      0x0000000000000000        0x0 /usr/local/Cellar/arm-none-eabi-gcc/4.9-2015-q2-update/bin/../lib/gcc/arm-none-eabi/4.9.3/armv7e-m/crtbegin.o

.uvisor.secure  0x0000000000007fd4        0xc
                0x0000000000007fe0                . = ALIGN (0x20)
 *fill*         0x0000000000007fd4        0xc 
                0x0000000000007fe0                __uvisor_secure_start = .
                0x0000000000007fe0                . = ALIGN (0x20)
                0x0000000000007fe0                __uvisor_cfgtbl_start = .
 *(SORT(.keep.uvisor.cfgtbl))
                0x0000000000007fe0                . = ALIGN (0x20)
                0x0000000000007fe0                __uvisor_cfgtbl_end = .
                0x0000000000007fe0                __uvisor_cfgtbl_ptr_start = .
 *(SORT(.keep.uvisor.cfgtbl_ptr_first))
 *(SORT(.keep.uvisor.cfgtbl_ptr))
                0x0000000000007fe0                __uvisor_cfgtbl_ptr_end = .
                0x0000000000007fe0                __uvisor_data_src = .
                0x0000000000007fe0                __uvisor_data_start = .
                0x0000000000007fe0                __uvisor_data_end = .
                0x0000000000007fe0                . = ALIGN (0x20)
                0x0000000000007fe0                __uvisor_secure_end = .

.bss            0x000000001fffa2a0      0x3e8
                0x000000001fffa2a0                __bss_start__ = .
 *(SORT(.bss*))
 .bss           0x000000001fffa2a0       0x1c /usr/local/Cellar/arm-none-eabi-gcc/4.9-2015-q2-update/bin/../lib/gcc/arm-none-eabi/4.9.3/armv7e-m/crtbegin.o
 .bss.probe     0x000000001fffa2bc       0x40 test/CMakeFiles/ds1820-mbedos-test-sense.dir/Users/andrewbrannan/converge/code/DS1820-mbedOS/test/sense.cpp.o
                0x000000001fffa2bc                probe
 .bss._ZL11filehandles
                0x000000001fffa2fc      0x100 ym/mbed-drivers/source/mbed-drivers.a(retarget.cpp.o)
 .bss._ZN6DS18206probesE
                0x000000001fffa3fc        0x4 source/ds1820-mbedos.a(DS1820.cpp.o)
                0x000000001fffa3fc                DS1820::probes
 .bss._ZZN5minar12CallbackNode13get_allocatorEvE9allocator
                0x000000001fffa400        0x4 ym/minar/source/minar.a(minar.cpp.o)
                0x000000001fffa400                minar::CallbackNode::get_allocator()::allocator
 .bss._ZGVZN5minar13SchedulerData5startEvE19Warn_Duration_Ticks
                0x000000001fffa404        0x4 ym/minar/source/minar.a(minar.cpp.o)
 .bss._ZZN5minar13SchedulerData5startEvE19Warn_Duration_Ticks
                0x000000001fffa408        0x4 ym/minar/source/minar.a(minar.cpp.o)
 .bss._ZZN5minar13SchedulerData5startEvE14Warn_Lag_Ticks
                0x000000001fffa40c        0x4 ym/minar/source/minar.a(minar.cpp.o)
 .bss._ZN5minarL15staticSchedulerE
                0x000000001fffa410        0x4 ym/minar/source/minar.a(minar.cpp.o)
 .bss._ZGVZN5minar13SchedulerData5startEvE14Warn_Lag_Ticks
                0x000000001fffa414        0x4 ym/minar/source/minar.a(minar.cpp.o)
 .bss.stdio_uart_inited
                0x000000001fffa418        0x4 ym/mbed-hal-ksdk-mcu/source/mbed-hal-ksdk-mcu.a(serial_api.c.o)
                0x000000001fffa418                stdio_uart_inited
 .bss.serial_irq_ids
                0x000000001fffa41c       0x14 ym/mbed-hal-ksdk-mcu/source/mbed-hal-ksdk-mcu.a(serial_api.c.o)
 .bss.irq_handler
                0x000000001fffa430        0x4 ym/mbed-hal-ksdk-mcu/source/mbed-hal-ksdk-mcu.a(serial_api.c.o)
 .bss.us_ticker_inited